<html>
<body>
<pre>
<h1>µVision Build Log</h1>
<h2>Tool Versions:</h2>
IDE-Version: ¦ÌVision V5.32.0.0
Copyright (C) 2020 ARM Ltd and ARM Germany GmbH. All rights reserved.
License Information: q Administrator, q, LIC=MPPLD-8VHNJ-CX4U6-DN18K-ZIPFS-7K5Y4
 
Tool Versions:
Toolchain:       MDK-ARM Plus  Version: 5.32.0.0
Toolchain Path:  C:\Keil_5\ARM\ARMCC\Bin
C Compiler:      Armcc.exe V5.06 update 7 (build 960)
Assembler:       Armasm.exe V5.06 update 7 (build 960)
Linker/Locator:  ArmLink.exe V5.06 update 7 (build 960)
Library Manager: ArmAr.exe V5.06 update 7 (build 960)
Hex Converter:   FromElf.exe V5.06 update 7 (build 960)
CPU DLL:         SARMCM3.DLL V5.32.0.0
Dialog DLL:      DCM.DLL V1.17.3.0
Target DLL:      Segger\JL2CM3.dll V2.99.38.0
Dialog DLL:      TCM.DLL V1.46.0.0
 
<h2>Project:</h2>
E:\Kingsmith\code\correction\USER\TIMER.uvprojx
Project File Date:  12/03/2020

<h2>Output:</h2>
*** Using Compiler 'V5.06 update 7 (build 960)', folder: 'C:\Keil_5\ARM\ARMCC\Bin'
Rebuild target 'TIMER'
compiling stm32f10x_it.c...
compiling led.c...
compiling key.c...
compiling system_stm32f10x.c...
compiling main.c...
..\HARDWARE\LED\oled.h(61): warning:  #1295-D: Deprecated declaration Picture - give arg types
  void Picture();
..\HARDWARE\LED\oled.h(62): warning:  #1295-D: Deprecated declaration IIC_Start - give arg types
  void IIC_Start();
..\HARDWARE\LED\oled.h(63): warning:  #1295-D: Deprecated declaration IIC_Stop - give arg types
  void IIC_Stop();
..\HARDWARE\LED\oled.h(68): warning:  #1295-D: Deprecated declaration IIC_Wait_Ack - give arg types
  void IIC_Wait_Ack();
main.c(39): warning:  #47-D: incompatible redefinition of macro "SIZE"  (declared at line 23 of "..\HARDWARE\LED\oled.h")
  #define SIZE 10
main.c(86): warning:  #188-D: enumerated type mixed with another type
  enum NEXT_MOTOR_STATUS motor_status = 0;
main.c(136): warning:  #177-D: variable "p"  was declared but never referenced
  	u8 *p = rec_buff;
main.c(324): warning:  #167-D: argument of type "char *" is incompatible with parameter of type "u8 *"
  		OLED_ShowString(0, 0, display_buffer, 16);
main.c(328): warning:  #167-D: argument of type "char *" is incompatible with parameter of type "u8 *"
  		OLED_ShowString(0, 2, display_buffer, 16);
main.c(332): warning:  #167-D: argument of type "char *" is incompatible with parameter of type "u8 *"
  		OLED_ShowString(0, 4, display_buffer, 16);
main.c(336): warning:  #167-D: argument of type "char *" is incompatible with parameter of type "u8 *"
  		OLED_ShowString(56+16, 4, display_buffer, 16);
main.c(340): warning:  #167-D: argument of type "char *" is incompatible with parameter of type "u8 *"
  		OLED_ShowString(0, 6, display_buffer, 16);
main.c(344): warning:  #167-D: argument of type "char *" is incompatible with parameter of type "u8 *"
  		OLED_ShowString(64, 6, display_buffer, 16);
main.c(353): warning:  #167-D: argument of type "char *" is incompatible with parameter of type "u8 *"
  		OLED_ShowString(0, 0, display_buffer, 16);
main.c: 14 warnings, 0 errors
compiling HAL.c...
compiling cJSON.c...
..\HARDWARE\LED\cJSON.c(111): warning:  #1293-D: assignment in condition
      if (!(copy = (unsigned char *)hooks->allocate(length))) {
..\HARDWARE\LED\cJSON.c: 1 warning, 0 errors
compiling timer.c...
compiling flash.c...
compiling adc.c...
compiling oled.c...
..\HARDWARE\LED\oled.h(61): warning:  #1295-D: Deprecated declaration Picture - give arg types
  void Picture();
..\HARDWARE\LED\oled.h(62): warning:  #1295-D: Deprecated declaration IIC_Start - give arg types
  void IIC_Start();
..\HARDWARE\LED\oled.h(63): warning:  #1295-D: Deprecated declaration IIC_Stop - give arg types
  void IIC_Stop();
..\HARDWARE\LED\oled.h(68): warning:  #1295-D: Deprecated declaration IIC_Wait_Ack - give arg types
  void IIC_Wait_Ack();
..\HARDWARE\LED\oled.c: 4 warnings, 0 errors
compiling delay.c...
compiling core_cm3.c...
assembling startup_stm32f10x_hd.s...
compiling usart.c...
compiling sys.c...
compiling misc.c...
compiling stm32f10x_gpio.c...
compiling stm32f10x_rcc.c...
compiling stm32f10x_tim.c...
compiling stm32f10x_usart.c...
compiling stm32f10x_adc.c...
compiling stm32f10x_flash.c...
linking...
Program Size: Code=29516 RO-data=2552 RW-data=924 ZI-data=3972  
FromELF: creating hex file...
"..\OBJ\TIMER.axf" - 0 Error(s), 19 Warning(s).

<h2>Software Packages used:</h2>

Package Vendor: Keil
                http://www.keil.com/pack/Keil.STM32F1xx_DFP.2.1.0.pack
                Keil.STM32F1xx_DFP.2.1.0
                STMicroelectronics STM32F1 Series Device Support, Drivers and Examples

<h2>Collection of Component include folders:</h2>
  C:\Users\Administrator\AppData\Local\Arm\Packs\Keil\STM32F1xx_DFP\2.1.0\Device\Include

<h2>Collection of Component Files used:</h2>
Build Time Elapsed:  00:00:02
</pre>
</body>
</html>
