Component: ARM Compiler 5.06 update 7 (build 960) Tool: armlink [4d3601]

==============================================================================

Section Cross References

    main.o(.text) refers to cjson.o(.text) for cJSON_Parse
    main.o(.text) refers to printfa.o(i.__0printf) for __2printf
    main.o(.text) refers to flash.o(.text) for STMFLASH_Write
    main.o(.text) refers to memseta.o(.text) for __aeabi_memclr
    main.o(.text) refers to adc.o(.text) for Get_Adc_Average
    main.o(.text) refers to printfa.o(i.__0sprintf) for __2sprintf
    main.o(.text) refers to oled.o(.text) for OLED_ShowString
    main.o(.text) refers to stm32f10x_gpio.o(.text) for GPIO_ReadInputDataBit
    main.o(.text) refers to usart.o(.bss) for rec_buff
    main.o(.text) refers to main.o(.data) for TEXT_Buffer
    main.o(.text) refers to timer.o(.data) for count_times
    main.o(.text) refers to main.o(.bss) for display_buffer
    main.o(.text) refers to delay.o(.text) for delay_init
    main.o(.text) refers to misc.o(.text) for NVIC_PriorityGroupConfig
    main.o(.text) refers to usart.o(.text) for uart_init
    main.o(.text) refers to led.o(.text) for LED_Init
    main.o(.text) refers to timer.o(.text) for TIM4_Int_Init
    main.o(.text) refers to stm32f10x_tim.o(.text) for TIM_SetAutoreload
    main.o(.text) refers to main.o(.constdata) for .constdata
    system_stm32f10x.o(.text) refers to system_stm32f10x.o(.data) for SystemCoreClock
    led.o(.text) refers to stm32f10x_rcc.o(.text) for RCC_APB2PeriphClockCmd
    led.o(.text) refers to stm32f10x_gpio.o(.text) for GPIO_Init
    key.o(.text) refers to stm32f10x_rcc.o(.text) for RCC_APB2PeriphClockCmd
    key.o(.text) refers to stm32f10x_gpio.o(.text) for GPIO_Init
    key.o(.text) refers to delay.o(.text) for delay_ms
    key.o(.text) refers to key.o(.data) for key_up
    timer.o(.text) refers to stm32f10x_rcc.o(.text) for RCC_APB1PeriphClockCmd
    timer.o(.text) refers to stm32f10x_tim.o(.text) for TIM_TimeBaseInit
    timer.o(.text) refers to misc.o(.text) for NVIC_Init
    timer.o(.text) refers to stm32f10x_gpio.o(.text) for GPIO_PinRemapConfig
    timer.o(.text) refers to main.o(.data) for direction
    timer.o(.text) refers to timer.o(.data) for div_2
    flash.o(.text) refers to stm32f10x_flash.o(.text) for FLASH_ProgramHalfWord
    flash.o(.text) refers to flash.o(.bss) for STMFLASH_BUF
    cjson.o(.text) refers to scanf_fp.o(.text) for _scanf_real
    cjson.o(.text) refers to printfa.o(i.__0sprintf) for __2sprintf
    cjson.o(.text) refers to tolower.o(.text) for tolower
    cjson.o(.text) refers to strlen.o(.text) for strlen
    cjson.o(.text) refers to memcpya.o(.text) for __aeabi_memcpy
    cjson.o(.text) refers to memseta.o(.text) for __aeabi_memclr4
    cjson.o(.text) refers to localeconv.o(.text) for localeconv
    cjson.o(.text) refers to strtod.o(i.strtod) for strtod
    cjson.o(.text) refers to cdrcmple.o(.text) for __aeabi_cdrcmple
    cjson.o(.text) refers to cdcmple.o(.text) for __aeabi_cdcmple
    cjson.o(.text) refers to dfixi.o(.text) for __aeabi_d2iz
    cjson.o(.text) refers to dmul.o(.text) for __aeabi_dmul
    cjson.o(.text) refers to __0sscanf.o(.text) for __0sscanf
    cjson.o(.text) refers to cjson.o(.data) for global_error
    cjson.o(.text) refers to cjson.o(.bss) for version
    cjson.o(.text) refers to strcpy.o(.text) for strcpy
    cjson.o(.text) refers to strncmp.o(.text) for strncmp
    cjson.o(.text) refers to strcmp.o(.text) for strcmp
    cjson.o(.text) refers to dflti.o(.text) for __aeabi_i2d
    cjson.o(.text) refers to f2d.o(.text) for __aeabi_f2d
    cjson.o(.data) refers to hal.o(.text) for HAL_Malloc
    cjson.o(.data) refers to mallocr.o(i.realloc) for realloc
    adc.o(.text) refers to stm32f10x_rcc.o(.text) for RCC_APB2PeriphClockCmd
    adc.o(.text) refers to stm32f10x_gpio.o(.text) for GPIO_Init
    adc.o(.text) refers to stm32f10x_adc.o(.text) for ADC_DeInit
    adc.o(.text) refers to delay.o(.text) for delay_ms
    hal.o(.text) refers to mallocr.o(i.__free$realloc) for free
    hal.o(.text) refers to mallocr.o(i.__malloc$realloc) for malloc
    oled.o(.text) refers to stm32f10x_gpio.o(.text) for GPIO_SetBits
    oled.o(.text) refers to oled.o(.constdata) for F8X16
    oled.o(.text) refers to stm32f10x_rcc.o(.text) for RCC_APB2PeriphClockCmd
    oled.o(.text) refers to delay.o(.text) for delay_ms
    oled.o(.text) refers to oled.o(.data) for Hzk
    delay.o(.text) refers to misc.o(.text) for SysTick_CLKSourceConfig
    delay.o(.text) refers to system_stm32f10x.o(.data) for SystemCoreClock
    delay.o(.text) refers to delay.o(.data) for fac_us
    usart.o(.text) refers to stm32f10x_rcc.o(.text) for RCC_APB2PeriphClockCmd
    usart.o(.text) refers to stm32f10x_gpio.o(.text) for GPIO_Init
    usart.o(.text) refers to misc.o(.text) for NVIC_Init
    usart.o(.text) refers to stm32f10x_usart.o(.text) for USART_Init
    usart.o(.text) refers to memseta.o(.text) for __aeabi_memclr
[...]
    .ARM.Collect$$$$0000000F                 0x08000144   Section        0  entry10a.o(.ARM.Collect$$$$0000000F)
    .ARM.Collect$$$$00000011                 0x08000144   Section        0  entry11a.o(.ARM.Collect$$$$00000011)
    .ARM.Collect$$$$00002712                 0x08000144   Section        4  entry2.o(.ARM.Collect$$$$00002712)
    __lit__00000000                          0x08000144   Data           4  entry2.o(.ARM.Collect$$$$00002712)
    .text                                    0x08000148   Section        0  main.o(.text)
    .text                                    0x08000b04   Section        0  stm32f10x_it.o(.text)
    .text                                    0x08000b20   Section        0  system_stm32f10x.o(.text)
    SetSysClockTo72                          0x08000b21   Thumb Code   214  system_stm32f10x.o(.text)
    SetSysClock                              0x08000bf7   Thumb Code     8  system_stm32f10x.o(.text)
    .text                                    0x08000d00   Section        0  led.o(.text)
    .text                                    0x08000d28   Section        0  timer.o(.text)
    .text                                    0x08000f78   Section        0  flash.o(.text)
    .text                                    0x080010bc   Section        0  cjson.o(.text)
    case_insensitive_strcmp                  0x080010df   Thumb Code    72  cjson.o(.text)
    cJSON_strdup                             0x08001127   Thumb Code    54  cjson.o(.text)
    cJSON_New_Item                           0x0800115d   Thumb Code    26  cjson.o(.text)
    get_decimal_point                        0x080011cb   Thumb Code    14  cjson.o(.text)
    parse_number                             0x080011d9   Thumb Code   298  cjson.o(.text)
    ensure                                   0x0800134b   Thumb Code   172  cjson.o(.text)
    update_offset                            0x080013f7   Thumb Code    36  cjson.o(.text)
    print_number                             0x0800141b   Thumb Code   282  cjson.o(.text)
    parse_hex4                               0x08001535   Thumb Code    90  cjson.o(.text)
    utf16_literal_to_utf8                    0x0800158f   Thumb Code   300  cjson.o(.text)
    parse_string                             0x080016bb   Thumb Code   396  cjson.o(.text)
    print_string_ptr                         0x08001847   Thumb Code   360  cjson.o(.text)
    print_string                             0x080019af   Thumb Code    16  cjson.o(.text)
    buffer_skip_whitespace                   0x080019bf   Thumb Code    58  cjson.o(.text)
    parse_object                             0x080019f9   Thumb Code   314  cjson.o(.text)
    parse_array                              0x08001b33   Thumb Code   244  cjson.o(.text)
    parse_value                              0x08001c27   Thumb Code   306  cjson.o(.text)
    print_object                             0x08001e31   Thumb Code   372  cjson.o(.text)
    print_array                              0x08001fa5   Thumb Code   178  cjson.o(.text)
    print_value                              0x08002057   Thumb Code   278  cjson.o(.text)
    print                                    0x0800216d   Thumb Code   164  cjson.o(.text)
    get_array_item                           0x080022d3   Thumb Code    30  cjson.o(.text)
    get_object_item                          0x08002309   Thumb Code    68  cjson.o(.text)
    suffix_object                            0x08002389   Thumb Code     6  cjson.o(.text)
    create_reference                         0x0800238f   Thumb Code    52  cjson.o(.text)
    replace_item_in_object                   0x0800261f   Thumb Code    82  cjson.o(.text)
    .text                                    0x08002cec   Section        0  adc.o(.text)
    .text                                    0x08002dd4   Section        0  hal.o(.text)
    .text                                    0x08002dec   Section        0  oled.o(.text)
    .text                                    0x080033bc   Section        0  delay.o(.text)
    .text                                    0x08003490   Section        0  usart.o(.text)
    .text                                    0x080035f4   Section       36  startup_stm32f10x_hd.o(.text)
    .text                                    0x08003618   Section        0  misc.o(.text)
    .text                                    0x080036f4   Section        0  stm32f10x_gpio.o(.text)
    .text                                    0x08003a50   Section        0  stm32f10x_rcc.o(.text)
    .text                                    0x08003df4   Section        0  stm32f10x_tim.o(.text)
    TI4_Config                               0x0800429b   Thumb Code   130  stm32f10x_tim.o(.text)
    TI3_Config                               0x0800432f   Thumb Code   122  stm32f10x_tim.o(.text)
    TI2_Config                               0x080043c3   Thumb Code   130  stm32f10x_tim.o(.text)
    TI1_Config                               0x08004457   Thumb Code   108  stm32f10x_tim.o(.text)
    .text                                    0x08004c10   Section        0  stm32f10x_usart.o(.text)
    .text                                    0x08005018   Section        0  stm32f10x_flash.o(.text)
    .text                                    0x080055d4   Section        0  stm32f10x_adc.o(.text)
    .text                                    0x08005a22   Section        0  tolower.o(.text)
    .text                                    0x08005a30   Section        0  localeconv.o(.text)
    .text                                    0x08005a38   Section        0  memcpya.o(.text)
    .text                                    0x08005a5c   Section        0  memseta.o(.text)
    .text                                    0x08005a80   Section        0  strlen.o(.text)
    .text                                    0x08005a8e   Section        0  strcmp.o(.text)
    .text                                    0x08005aaa   Section        0  strcpy.o(.text)
    .text                                    0x08005abc   Section        0  strncmp.o(.text)
    .text                                    0x08005adc   Section        0  __0sscanf.o(.text)
    .text                                    0x08005b14   Section        0  scanf_fp.o(.text)
    _fp_value                                0x08005b15   Thumb Code   296  scanf_fp.o(.text)
    .text                                    0x08005e74   Section        0  dmul.o(.text)
    .text                                    0x08005f58   Section        0  dflti.o(.text)
    .text                                    0x08005f7a   Section        0  dfixi.o(.text)
    .text                                    0x08005fb8   Section        0  f2d.o(.text)
    .text                                    0x08005fe0   Section       48  cdcmple.o(.text)
    .text                                    0x08006010   Section       48  cdrcmple.o(.text)
    .text                                    0x08006040   Section        0  uidiv.o(.text)
    .text                                    0x0800606c   Section        0  uldiv.o(.text)
    .text                                    0x080060ce   Section        0  llushr.o(.text)
    .text                                    0x080060f0   Section        0  scanf_char.o(.text)
    _scanf_char_input                        0x080060f1   Thumb Code    12  scanf_char.o(.text)
    .text                                    0x08006118   Section        0  _sgetc.o(.text)
    .text                                    0x08006158   Section        0  strtod.o(.text)
    _local_sscanf                            0x08006159   Thumb Code    54  strtod.o(.text)
    .text                                    0x080061f4   Section        0  depilogue.o(.text)
    .text                                    0x080061f4   Section        0  iusefp.o(.text)
    .text                                    0x080062ae   Section        0  dadd.o(.text)
    .text                                    0x080063fc   Section        0  ddiv.o(.text)
    .text                                    0x080064da   Section        0  dfltul.o(.text)
    .text                                    0x080064f2   Section        0  dfixul.o(.text)
    .text                                    0x08006522   Section        0  d2f.o(.text)
    .text                                    0x0800655c   Section       36  init.o(.text)
    .text                                    0x08006580   Section        0  llshl.o(.text)
    .text                                    0x0800659e   Section        0  llsshr.o(.text)
    .text                                    0x080065c2   Section        0  isspace_c.o(.text)
    .text                                    0x080065cc   Section        0  _scanf.o(.text)
    .text                                    0x080068fc   Section        0  fepilogue.o(.text)
    .text                                    0x0800696c   Section        0  ctype_c.o(.text)
    .text                                    0x08006994   Section        0  __dczerorl2.o(.text)
    i.__0printf                              0x080069ec   Section        0  printfa.o(i.__0printf)
    i.__0sprintf                             0x08006a0c   Section        0  printfa.o(i.__0sprintf)
    i.__free$realloc                         0x08006a34   Section        0  mallocr.o(i.__free$realloc)
    i.__malloc$realloc                       0x08006a90   Section        0  mallocr.o(i.__malloc$realloc)
    i.__scatterload_copy                     0x08006ae0   Section       14  handlers.o(i.__scatterload_copy)
    i.__scatterload_null                     0x08006aee   Section        2  handlers.o(i.__scatterload_null)
    i.__scatterload_zeroinit                 0x08006af0   Section       14  handlers.o(i.__scatterload_zeroinit)
    i._fp_digits                             0x08006b00   Section        0  printfa.o(i._fp_digits)
    _fp_digits                               0x08006b01   Thumb Code   366  printfa.o(i._fp_digits)
    i._is_digit                              0x08006c84   Section        0  scanf_fp.o(i._is_digit)
    i._printf_core                           0x08006c94   Section        0  printfa.o(i._printf_core)
    _printf_core                             0x08006c95   Thumb Code  1704  printfa.o(i._printf_core)
    i._printf_post_padding                   0x08007348   Section        0  printfa.o(i._printf_post_padding)
    _printf_post_padding                     0x08007349   Thumb Code    36  printfa.o(i._printf_post_padding)
    i._printf_pre_padding                    0x0800736c   Section        0  printfa.o(i._printf_pre_padding)
    _printf_pre_padding                      0x0800736d   Thumb Code    46  printfa.o(i._printf_pre_padding)
    i._sputc                                 0x0800739a   Section        0  printfa.o(i._sputc)
    _sputc                                   0x0800739b   Thumb Code    10  printfa.o(i._sputc)
    i.internal_alloc                         0x080073a4   Section        0  mallocr.o(i.internal_alloc)
    internal_alloc                           0x080073a5   Thumb Code    76  mallocr.o(i.internal_alloc)
    i.realloc                                0x080073f4   Section        0  mallocr.o(i.realloc)
    i.strtod                                 0x08007460   Section        0  strtod.o(i.strtod)
    .constdata                               0x0800747c   Section       14  main.o(.constdata)
    .constdata                               0x0800748a   Section     2072  oled.o(.constdata)
    .constdata                               0x08007ca4   Section       56  ilconv.o(.constdata)
    .constdata                               0x08007cdc   Section       64  ctype_c.o(.constdata)
    .conststring                             0x08007d1c   Section        5  ilconv.o(.conststring)
    .data                                    0x20000000   Section      120  main.o(.data)
    .data                                    0x20000078   Section       20  system_stm32f10x.o(.data)
    .data                                    0x2000008c   Section       17  timer.o(.data)
    div_2                                    0x2000009c   Data           1  timer.o(.data)
    .data                                    0x200000a0   Section       20  cjson.o(.data)
    global_error                             0x200000a0   Data           8  cjson.o(.data)
    global_hooks                             0x200000a8   Data          12  cjson.o(.data)
    .data                                    0x200000b4   Section      704  oled.o(.data)
    .data                                    0x20000374   Section        4  delay.o(.data)
    fac_us                                   0x20000374   Data           1  delay.o(.data)
    fac_ms                                   0x20000376   Data           2  delay.o(.data)
    .data                                    0x20000378   Section        6  usart.o(.data)
    .data                                    0x2000037e   Section       20  stm32f10x_rcc.o(.data)
    APBAHBPrescTable                         0x2000037e   Data          16  stm32f10x_rcc.o(.data)
    ADCPrescTable                            0x2000038e   Data           4  stm32f10x_rcc.o(.data)
    .data                                    0x20000394   Section        4  mvars.o(.data)
    .data                                    0x20000398   Section        4  mvars.o(.data)
    .bss                                     0x2000039c   Section       40  main.o(.bss)
    .bss                                     0x200003c4   Section     2048  flash.o(.bss)
    .bss                                     0x20000bc4   Section       15  cjson.o(.bss)
    version                                  0x20000bc4   Data          15  cjson.o(.bss)
    .bss                                     0x20000bd3   Section      328  usart.o(.bss)
    HEAP                                     0x20000d20   Section      512  startup_stm32f10x_hd.o(HEAP)
    STACK                                    0x20000f20   Section     1024  startup_stm32f10x_hd.o(STACK)

    Global Symbols

    Symbol Name                              Value     Ov Type        Size  Object(Section)

    BuildAttributes$$THM_ISAv4$P$D$K$B$S$PE$A:L22UL41UL21$X:L11$S22US41US21$IEEE1$IW$USESV6$~STKCKD$USESV7$~SHL$OTIME$ROPI$IEEEJ$EBA8$MICROLIB$REQ8$PRES8$EABIv2 0x00000000   Number         0  anon$$obj.o ABSOLUTE
    __ARM_use_no_argv                        0x00000000   Number         0  main.o ABSOLUTE
    __use_no_errno                           0x00000000   Number         0  useno.o ABSOLUTE
    __use_no_exception_handling              0x00000000   Number         0  useno.o ABSOLUTE
    __use_no_fp                              0x00000000   Number         0  useno.o ABSOLUTE
    __use_no_heap                            0x00000000   Number         0  useno.o ABSOLUTE
    __use_no_heap_region                     0x00000000   Number         0  useno.o ABSOLUTE
    __use_no_semihosting                     0x00000000   Number         0  useno.o ABSOLUTE
    __use_no_semihosting_swi                 0x00000000   Number         0  useno.o ABSOLUTE
    __use_no_signal_handling                 0x00000000   Number         0  useno.o ABSOLUTE
    _printf_a                                0x00000000   Number         0  stubs.o ABSOLUTE
    _printf_c                                0x00000000   Number         0  stubs.o ABSOLUTE
    _printf_charcount                        0x00000000   Number         0  stubs.o ABSOLUTE
    _printf_d                                0x00000000   Number         0  stubs.o ABSOLUTE
    _printf_e                                0x00000000   Number         0  stubs.o ABSOLUTE
    _printf_f                                0x00000000   Number         0  stubs.o ABSOLUTE
    _printf_flags                            0x00000000   Number         0  stubs.o ABSOLUTE
    _printf_fp_dec                           0x00000000   Number         0  stubs.o ABSOLUTE
    _printf_fp_hex                           0x00000000   Number         0  stubs.o ABSOLUTE
    _printf_g                                0x00000000   Number         0  stubs.o ABSOLUTE
    _printf_i                                0x00000000   Number         0  stubs.o ABSOLUTE
    _printf_int_dec                          0x00000000   Number         0  stubs.o ABSOLUTE
    _printf_l                                0x00000000   Number         0  stubs.o ABSOLUTE
    _printf_lc                               0x00000000   Number         0  stubs.o ABSOLUTE
    _printf_ll                               0x00000000   Number         0  stubs.o ABSOLUTE
    _printf_lld                              0x00000000   Number         0  stubs.o ABSOLUTE
    _printf_lli                              0x00000000   Number         0  stubs.o ABSOLUTE
    _printf_llo                              0x00000000   Number         0  stubs.o ABSOLUTE
    _printf_llu                              0x00000000   Number         0  stubs.o ABSOLUTE
    _printf_llx                              0x00000000   Number         0  stubs.o ABSOLUTE
    _printf_longlong_dec                     0x00000000   Number         0  stubs.o ABSOLUTE
    _printf_longlong_hex                     0x00000000   Number         0  stubs.o ABSOLUTE
    _printf_longlong_oct                     0x00000000   Number         0  stubs.o ABSOLUTE
    _printf_ls                               0x00000000   Number         0  stubs.o ABSOLUTE
    _printf_mbtowc                           0x00000000   Number         0  stubs.o ABSOLUTE
    _printf_n                                0x00000000   Number         0  stubs.o ABSOLUTE
    _printf_o                                0x00000000   Number         0  stubs.o ABSOLUTE
    _printf_p                                0x00000000   Number         0  stubs.o ABSOLUTE
    _printf_percent                          0x00000000   Number         0  stubs.o ABSOLUTE
    _printf_pre_padding                      0x00000000   Number         0  stubs.o ABSOLUTE
    _printf_return_value                     0x00000000   Number         0  stubs.o ABSOLUTE
    _printf_s                                0x00000000   Number         0  stubs.o ABSOLUTE
    _printf_sizespec                         0x00000000   Number         0  stubs.o ABSOLUTE
    _printf_str                              0x00000000   Number         0  stubs.o ABSOLUTE
    _printf_truncate_signed                  0x00000000   Number         0  stubs.o ABSOLUTE
    _printf_truncate_unsigned                0x00000000   Number         0  stubs.o ABSOLUTE
    _printf_u                                0x00000000   Number         0  stubs.o ABSOLUTE
    _printf_wc                               0x00000000   Number         0  stubs.o ABSOLUTE
    _printf_wctomb                           0x00000000   Number         0  stubs.o ABSOLUTE
    _printf_widthprec                        0x00000000   Number         0  stubs.o ABSOLUTE
    _printf_x                                0x00000000   Number         0  stubs.o ABSOLUTE
    __arm_fini_                               - Undefined Weak Reference
    __cpp_initialize__aeabi_                  - Undefined Weak Reference
    __cxa_finalize                            - Undefined Weak Reference
    _clock_init                               - Undefined Weak Reference
    _microlib_exit                            - Undefined Weak Reference
    _scanf_int                                - Undefined Weak Reference
    _scanf_longlong                           - Undefined Weak Reference
    _scanf_string                             - Undefined Weak Reference
    __Vectors_Size                           0x00000130   Number         0  startup_stm32f10x_hd.o ABSOLUTE
    __Vectors                                0x08000000   Data           4  startup_stm32f10x_hd.o(RESET)
    __Vectors_End                            0x08000130   Data           0  startup_stm32f10x_hd.o(RESET)
    __main                                   0x08000131   Thumb Code     0  entry.o(.ARM.Collect$$$$00000000)
    _main_stk                                0x08000131   Thumb Code     0  entry2.o(.ARM.Collect$$$$00000001)
    _main_scatterload                        0x08000135   Thumb Code     0  entry5.o(.ARM.Collect$$$$00000004)
    __main_after_scatterload                 0x08000139   Thumb Code     0  entry5.o(.ARM.Collect$$$$00000004)
    _main_clock                              0x08000139   Thumb Code     0  entry7b.o(.ARM.Collect$$$$00000008)
    _main_cpp_init                           0x08000139   Thumb Code     0  entry8b.o(.ARM.Collect$$$$0000000A)
    _main_init                               0x08000139   Thumb Code     0  entry9a.o(.ARM.Collect$$$$0000000B)
    __rt_lib_shutdown_fini                   0x08000141   Thumb Code     0  entry12b.o(.ARM.Collect$$$$0000000E)
    __rt_final_cpp                           0x08000145   Thumb Code     0  entry10a.o(.ARM.Collect$$$$0000000F)
    __rt_final_exit                          0x08000145   Thumb Code     0  entry11a.o(.ARM.Collect$$$$00000011)
    process                                  0x08000149   Thumb Code   620  main.o(.text)
    log_out                                  0x080003b5   Thumb Code   126  main.o(.text)
    display                                  0x08000433   Thumb Code  1120  main.o(.text)
    direction_contorl                        0x08000893   Thumb Code    40  main.o(.text)
    main                                     0x080008bb   Thumb Code   364  main.o(.text)
    NMI_Handler                              0x08000b05   Thumb Code     2  stm32f10x_it.o(.text)
    HardFault_Handler                        0x08000b07   Thumb Code     4  stm32f10x_it.o(.text)
    MemManage_Handler                        0x08000b0b   Thumb Code     4  stm32f10x_it.o(.text)
    BusFault_Handler                         0x08000b0f   Thumb Code     4  stm32f10x_it.o(.text)
    UsageFault_Handler                       0x08000b13   Thumb Code     4  stm32f10x_it.o(.text)
    SVC_Handler                              0x08000b17   Thumb Code     2  stm32f10x_it.o(.text)
    DebugMon_Handler                         0x08000b19   Thumb Code     2  stm32f10x_it.o(.text)
    PendSV_Handler                           0x08000b1b   Thumb Code     2  stm32f10x_it.o(.text)
    SysTick_Handler                          0x08000b1d   Thumb Code     2  stm32f10x_it.o(.text)
    SystemInit                               0x08000bff   Thumb Code    78  system_stm32f10x.o(.text)
    SystemCoreClockUpdate                    0x08000c4d   Thumb Code   142  system_stm32f10x.o(.text)
    LED_Init                                 0x08000d01   Thumb Code    34  led.o(.text)
    TIM4_Int_Init                            0x08000d29   Thumb Code    94  timer.o(.text)
    TIM4_IRQHandler                          0x08000d87   Thumb Code   174  timer.o(.text)
    TIM3_Int_Init                            0x08000e35   Thumb Code    90  timer.o(.text)
    TIM3_IRQHandler                          0x08000e8f   Thumb Code    50  timer.o(.text)
    TIM3_PWM_Init                            0x08000ec1   Thumb Code   130  timer.o(.text)
    STMFLASH_ReadHalfWord                    0x08000f79   Thumb Code     6  flash.o(.text)
    STMFLASH_Write_NoCheck                   0x08000f7f   Thumb Code    38  flash.o(.text)
    STMFLASH_Read                            0x08000fa5   Thumb Code    34  flash.o(.text)
    STMFLASH_Write                           0x08000fc7   Thumb Code   222  flash.o(.text)
    Test_Write                               0x080010a5   Thumb Code    16  flash.o(.text)
    cJSON_GetErrorPtr                        0x080010bd   Thumb Code    12  cjson.o(.text)
    cJSON_Version                            0x080010c9   Thumb Code    22  cjson.o(.text)
    cJSON_Delete                             0x08001177   Thumb Code    84  cjson.o(.text)
    cJSON_SetNumberHelper                    0x08001303   Thumb Code    72  cjson.o(.text)
    cJSON_ParseWithOpts                      0x08001d59   Thumb Code   200  cjson.o(.text)
    cJSON_Parse                              0x08001e21   Thumb Code    16  cjson.o(.text)
    cJSON_Print                              0x08002211   Thumb Code    16  cjson.o(.text)
    cJSON_PrintUnformatted                   0x08002221   Thumb Code    16  cjson.o(.text)
    cJSON_PrintBuffered                      0x08002231   Thumb Code    82  cjson.o(.text)
    cJSON_PrintPreallocated                  0x08002283   Thumb Code    62  cjson.o(.text)
    cJSON_GetArraySize                       0x080022c1   Thumb Code    18  cjson.o(.text)
    cJSON_GetArrayItem                       0x080022f1   Thumb Code    24  cjson.o(.text)
    cJSON_GetObjectItem                      0x0800234d   Thumb Code    18  cjson.o(.text)
    cJSON_GetObjectItemCaseSensitive         0x0800235f   Thumb Code    18  cjson.o(.text)
    cJSON_HasObjectItem                      0x08002371   Thumb Code    24  cjson.o(.text)
    cJSON_AddItemToArray                     0x080023c3   Thumb Code    44  cjson.o(.text)
    cJSON_AddItemToObjectCS                  0x080023ef   Thumb Code    54  cjson.o(.text)
    cJSON_AddItemToObject                    0x08002425   Thumb Code    42  cjson.o(.text)
    cJSON_AddItemReferenceToArray            0x0800244f   Thumb Code    26  cjson.o(.text)
    cJSON_AddItemReferenceToObject           0x08002469   Thumb Code    34  cjson.o(.text)
    cJSON_DetachItemViaPointer               0x0800248b   Thumb Code    50  cjson.o(.text)
    cJSON_DetachItemFromArray                0x080024bd   Thumb Code    34  cjson.o(.text)
    cJSON_DeleteItemFromArray                0x080024df   Thumb Code    22  cjson.o(.text)
    cJSON_DetachItemFromObject               0x080024f5   Thumb Code    26  cjson.o(.text)
    cJSON_DetachItemFromObjectCaseSensitive  0x0800250f   Thumb Code    26  cjson.o(.text)
    cJSON_DeleteItemFromObject               0x08002529   Thumb Code    22  cjson.o(.text)
    cJSON_DeleteItemFromObjectCaseSensitive  0x0800253f   Thumb Code    22  cjson.o(.text)
    cJSON_InsertItemInArray                  0x08002555   Thumb Code    68  cjson.o(.text)
    cJSON_ReplaceItemViaPointer              0x08002599   Thumb Code    72  cjson.o(.text)
    cJSON_ReplaceItemInArray                 0x080025e1   Thumb Code    48  cjson.o(.text)
    cJSON_free                               0x08002611   Thumb Code    14  cjson.o(.text)
    cJSON_ReplaceItemInObject                0x08002671   Thumb Code    22  cjson.o(.text)
    cJSON_ReplaceItemInObjectCaseSensitive   0x08002687   Thumb Code    22  cjson.o(.text)
    cJSON_CreateNull                         0x0800269d   Thumb Code    20  cjson.o(.text)
    cJSON_CreateTrue                         0x080026b1   Thumb Code    20  cjson.o(.text)
    cJSON_CreateFalse                        0x080026c5   Thumb Code    20  cjson.o(.text)
    cJSON_CreateBool                         0x080026d9   Thumb Code    28  cjson.o(.text)
    cJSON_CreateNumber                       0x080026f5   Thumb Code    82  cjson.o(.text)
    cJSON_CreateString                       0x08002747   Thumb Code    46  cjson.o(.text)
    cJSON_CreateRaw                          0x08002775   Thumb Code    46  cjson.o(.text)
    cJSON_CreateArray                        0x080027a3   Thumb Code    20  cjson.o(.text)
    cJSON_CreateObject                       0x080027b7   Thumb Code    20  cjson.o(.text)
    cJSON_CreateIntArray                     0x080027cb   Thumb Code    98  cjson.o(.text)
    cJSON_CreateFloatArray                   0x0800282d   Thumb Code    98  cjson.o(.text)
    cJSON_CreateDoubleArray                  0x0800288f   Thumb Code    92  cjson.o(.text)
    cJSON_CreateStringArray                  0x080028eb   Thumb Code    86  cjson.o(.text)
    cJSON_Duplicate                          0x08002941   Thumb Code   196  cjson.o(.text)
    cJSON_Minify                             0x08002a05   Thumb Code   186  cjson.o(.text)
    cJSON_IsInvalid                          0x08002abf   Thumb Code    20  cjson.o(.text)
    cJSON_IsFalse                            0x08002ad3   Thumb Code    20  cjson.o(.text)
    cJSON_IsTrue                             0x08002ae7   Thumb Code    22  cjson.o(.text)
    cJSON_IsBool                             0x08002afd   Thumb Code    24  cjson.o(.text)
    cJSON_IsNull                             0x08002b15   Thumb Code    22  cjson.o(.text)
    cJSON_IsNumber                           0x08002b2b   Thumb Code    22  cjson.o(.text)
    cJSON_IsString                           0x08002b41   Thumb Code    22  cjson.o(.text)
    cJSON_IsArray                            0x08002b57   Thumb Code    22  cjson.o(.text)
    cJSON_IsObject                           0x08002b6d   Thumb Code    22  cjson.o(.text)
    cJSON_IsRaw                              0x08002b83   Thumb Code    22  cjson.o(.text)
    cJSON_Compare                            0x08002b99   Thumb Code   322  cjson.o(.text)
    cJSON_malloc                             0x08002cdb   Thumb Code    14  cjson.o(.text)
    Adc_Init                                 0x08002ced   Thumb Code   132  adc.o(.text)
    Get_Adc                                  0x08002d71   Thumb Code    46  adc.o(.text)
    Get_Adc_Average                          0x08002d9f   Thumb Code    46  adc.o(.text)
    HAL_Free                                 0x08002dd5   Thumb Code    12  hal.o(.text)
    HAL_Malloc                               0x08002de1   Thumb Code    12  hal.o(.text)
    IIC_Start                                0x08002ded   Thumb Code    36  oled.o(.text)
    IIC_Stop                                 0x08002e11   Thumb Code    28  oled.o(.text)
    IIC_Wait_Ack                             0x08002e2d   Thumb Code    20  oled.o(.text)
    Write_IIC_Byte                           0x08002e41   Thumb Code    80  oled.o(.text)
    Write_IIC_Command                        0x08002e91   Thumb Code    44  oled.o(.text)
    Write_IIC_Data                           0x08002ebd   Thumb Code    44  oled.o(.text)
    OLED_WR_Byte                             0x08002ee9   Thumb Code    24  oled.o(.text)
    fill_picture                             0x08002f01   Thumb Code    64  oled.o(.text)
    Delay_50ms                               0x08002f41   Thumb Code    22  oled.o(.text)
    Delay_1ms                                0x08002f57   Thumb Code    26  oled.o(.text)
    OLED_Set_Pos                             0x08002f71   Thumb Code    40  oled.o(.text)
    OLED_Display_On                          0x08002f99   Thumb Code    28  oled.o(.text)
    OLED_Display_Off                         0x08002fb5   Thumb Code    28  oled.o(.text)
    OLED_Clear                               0x08002fd1   Thumb Code    62  oled.o(.text)
    OLED_On                                  0x0800300f   Thumb Code    62  oled.o(.text)
    OLED_ShowChar                            0x0800304d   Thumb Code   154  oled.o(.text)
    oled_pow                                 0x080030e7   Thumb Code    22  oled.o(.text)
    OLED_ShowNum                             0x080030fd   Thumb Code   136  oled.o(.text)
    OLED_ShowString                          0x08003185   Thumb Code    58  oled.o(.text)
    OLED_ShowCHinese                         0x080031bf   Thumb Code   112  oled.o(.text)
    OLED_DrawBMP                             0x0800322f   Thumb Code   118  oled.o(.text)
    OLED_Init                                0x080032a5   Thumb Code   270  oled.o(.text)
    delay_init                               0x080033bd   Thumb Code    50  delay.o(.text)
    delay_us                                 0x080033ef   Thumb Code    72  delay.o(.text)
    delay_ms                                 0x08003437   Thumb Code    72  delay.o(.text)
    _sys_exit                                0x08003491   Thumb Code     4  usart.o(.text)
    fputc                                    0x08003495   Thumb Code    24  usart.o(.text)
    uart_init                                0x080034ad   Thumb Code   152  usart.o(.text)
    USART1_IRQHandler                        0x08003545   Thumb Code   156  usart.o(.text)
    Reset_Handler                            0x080035f5   Thumb Code     8  startup_stm32f10x_hd.o(.text)
    ADC1_2_IRQHandler                        0x0800360f   Thumb Code     0  startup_stm32f10x_hd.o(.text)
    ADC3_IRQHandler                          0x0800360f   Thumb Code     0  startup_stm32f10x_hd.o(.text)
    CAN1_RX1_IRQHandler                      0x0800360f   Thumb Code     0  startup_stm32f10x_hd.o(.text)
    CAN1_SCE_IRQHandler                      0x0800360f   Thumb Code     0  startup_stm32f10x_hd.o(.text)
    DMA1_Channel1_IRQHandler                 0x0800360f   Thumb Code     0  startup_stm32f10x_hd.o(.text)
    DMA1_Channel2_IRQHandler                 0x0800360f   Thumb Code     0  startup_stm32f10x_hd.o(.text)
    DMA1_Channel3_IRQHandler                 0x0800360f   Thumb Code     0  startup_stm32f10x_hd.o(.text)
    DMA1_Channel4_IRQHandler                 0x0800360f   Thumb Code     0  startup_stm32f10x_hd.o(.text)
    DMA1_Channel5_IRQHandler                 0x0800360f   Thumb Code     0  startup_stm32f10x_hd.o(.text)
    DMA1_Channel6_IRQHandler                 0x0800360f   Thumb Code     0  startup_stm32f10x_hd.o(.text)
    DMA1_Channel7_IRQHandler                 0x0800360f   Thumb Code     0  startup_stm32f10x_hd.o(.text)
    DMA2_Channel1_IRQHandler                 0x0800360f   Thumb Code     0  startup_stm32f10x_hd.o(.text)
    DMA2_Channel2_IRQHandler                 0x0800360f   Thumb Code     0  startup_stm32f10x_hd.o(.text)
    DMA2_Channel3_IRQHandler                 0x0800360f   Thumb Code     0  startup_stm32f10x_hd.o(.text)
    DMA2_Channel4_5_IRQHandler               0x0800360f   Thumb Code     0  startup_stm32f10x_hd.o(.text)
    EXTI0_IRQHandler                         0x0800360f   Thumb Code     0  startup_stm32f10x_hd.o(.text)
    EXTI15_10_IRQHandler                     0x0800360f   Thumb Code     0  startup_stm32f10x_hd.o(.text)
    EXTI1_IRQHandler                         0x0800360f   Thumb Code     0  startup_stm32f10x_hd.o(.text)
    EXTI2_IRQHandler                         0x0800360f   Thumb Code     0  startup_stm32f10x_hd.o(.text)
    EXTI3_IRQHandler                         0x0800360f   Thumb Code     0  startup_stm32f10x_hd.o(.text)
    EXTI4_IRQHandler                         0x0800360f   Thumb Code     0  startup_stm32f10x_hd.o(.text)
    EXTI9_5_IRQHandler                       0x0800360f   Thumb Code     0  startup_stm32f10x_hd.o(.text)
    FLASH_IRQHandler                         0x0800360f   Thumb Code     0  startup_stm32f10x_hd.o(.text)
    FSMC_IRQHandler                          0x0800360f   Thumb Code     0  startup_stm32f10x_hd.o(.text)
    I2C1_ER_IRQHandler                       0x0800360f   Thumb Code     0  startup_stm32f10x_hd.o(.text)
    I2C1_EV_IRQHandler                       0x0800360f   Thumb Code     0  startup_stm32f10x_hd.o(.text)
    I2C2_ER_IRQHandler                       0x0800360f   Thumb Code     0  startup_stm32f10x_hd.o(.text)
    I2C2_EV_IRQHandler                       0x0800360f   Thumb Code     0  startup_stm32f10x_hd.o(.text)
    PVD_IRQHandler                           0x0800360f   Thumb Code     0  startup_stm32f10x_hd.o(.text)
    RCC_IRQHandler                           0x0800360f   Thumb Code     0  startup_stm32f10x_hd.o(.text)
    RTCAlarm_IRQHandler                      0x0800360f   Thumb Code     0  startup_stm32f10x_hd.o(.text)
    RTC_IRQHandler                           0x0800360f   Thumb Code     0  startup_stm32f10x_hd.o(.text)
    SDIO_IRQHandler                          0x0800360f   Thumb Code     0  startup_stm32f10x_hd.o(.text)
    SPI1_IRQHandler                          0x0800360f   Thumb Code     0  startup_stm32f10x_hd.o(.text)
    SPI2_IRQHandler                          0x0800360f   Thumb Code     0  startup_stm32f10x_hd.o(.text)
    SPI3_IRQHandler                          0x0800360f   Thumb Code     0  startup_stm32f10x_hd.o(.text)
    TAMPER_IRQHandler                        0x0800360f   Thumb Code     0  startup_stm32f10x_hd.o(.text)
    TIM1_BRK_IRQHandler                      0x0800360f   Thumb Code     0  startup_stm32f10x_hd.o(.text)
    TIM1_CC_IRQHandler                       0x0800360f   Thumb Code     0  startup_stm32f10x_hd.o(.text)
    TIM1_TRG_COM_IRQHandler                  0x0800360f   Thumb Code     0  startup_stm32f10x_hd.o(.text)
    TIM1_UP_IRQHandler                       0x0800360f   Thumb Code     0  startup_stm32f10x_hd.o(.text)
    TIM2_IRQHandler                          0x0800360f   Thumb Code     0  startup_stm32f10x_hd.o(.text)
    TIM5_IRQHandler                          0x0800360f   Thumb Code     0  startup_stm32f10x_hd.o(.text)
    TIM6_IRQHandler                          0x0800360f   Thumb Code     0  startup_stm32f10x_hd.o(.text)
    TIM7_IRQHandler                          0x0800360f   Thumb Code     0  startup_stm32f10x_hd.o(.text)
    TIM8_BRK_IRQHandler                      0x0800360f   Thumb Code     0  startup_stm32f10x_hd.o(.text)
    TIM8_CC_IRQHandler                       0x0800360f   Thumb Code     0  startup_stm32f10x_hd.o(.text)
    TIM8_TRG_COM_IRQHandler                  0x0800360f   Thumb Code     0  startup_stm32f10x_hd.o(.text)
    TIM8_UP_IRQHandler                       0x0800360f   Thumb Code     0  startup_stm32f10x_hd.o(.text)
    UART4_IRQHandler                         0x0800360f   Thumb Code     0  startup_stm32f10x_hd.o(.text)
    UART5_IRQHandler                         0x0800360f   Thumb Code     0  startup_stm32f10x_hd.o(.text)
    USART2_IRQHandler                        0x0800360f   Thumb Code     0  startup_stm32f10x_hd.o(.text)
    USART3_IRQHandler                        0x0800360f   Thumb Code     0  startup_stm32f10x_hd.o(.text)
    USBWakeUp_IRQHandler                     0x0800360f   Thumb Code     0  startup_stm32f10x_hd.o(.text)
    USB_HP_CAN1_TX_IRQHandler                0x0800360f   Thumb Code     0  startup_stm32f10x_hd.o(.text)
    USB_LP_CAN1_RX0_IRQHandler               0x0800360f   Thumb Code     0  startup_stm32f10x_hd.o(.text)
    WWDG_IRQHandler                          0x0800360f   Thumb Code     0  startup_stm32f10x_hd.o(.text)
    NVIC_PriorityGroupConfig                 0x08003619   Thumb Code    10  misc.o(.text)
    NVIC_Init                                0x08003623   Thumb Code   100  misc.o(.text)
    NVIC_SetVectorTable                      0x08003687   Thumb Code    14  misc.o(.text)
    NVIC_SystemLPConfig                      0x08003695   Thumb Code    34  misc.o(.text)
    SysTick_CLKSourceConfig                  0x080036b7   Thumb Code    40  misc.o(.text)
    GPIO_DeInit                              0x080036f5   Thumb Code   172  stm32f10x_gpio.o(.text)
    GPIO_AFIODeInit                          0x080037a1   Thumb Code    20  stm32f10x_gpio.o(.text)
    GPIO_Init                                0x080037b5   Thumb Code   278  stm32f10x_gpio.o(.text)
    GPIO_StructInit                          0x080038cb   Thumb Code    16  stm32f10x_gpio.o(.text)
    GPIO_ReadInputDataBit                    0x080038db   Thumb Code    18  stm32f10x_gpio.o(.text)
    GPIO_ReadInputData                       0x080038ed   Thumb Code     8  stm32f10x_gpio.o(.text)
    GPIO_ReadOutputDataBit                   0x080038f5   Thumb Code    18  stm32f10x_gpio.o(.text)
    GPIO_ReadOutputData                      0x08003907   Thumb Code     8  stm32f10x_gpio.o(.text)
    GPIO_SetBits                             0x0800390f   Thumb Code     4  stm32f10x_gpio.o(.text)
    GPIO_ResetBits                           0x08003913   Thumb Code     4  stm32f10x_gpio.o(.text)
    GPIO_WriteBit                            0x08003917   Thumb Code    10  stm32f10x_gpio.o(.text)
    GPIO_Write                               0x08003921   Thumb Code     4  stm32f10x_gpio.o(.text)
    GPIO_PinLockConfig                       0x08003925   Thumb Code    18  stm32f10x_gpio.o(.text)
    GPIO_EventOutputConfig                   0x08003937   Thumb Code    26  stm32f10x_gpio.o(.text)
    GPIO_EventOutputCmd                      0x08003951   Thumb Code     6  stm32f10x_gpio.o(.text)
    GPIO_PinRemapConfig                      0x08003957   Thumb Code   138  stm32f10x_gpio.o(.text)
    GPIO_EXTILineConfig                      0x080039e1   Thumb Code    66  stm32f10x_gpio.o(.text)
    GPIO_ETH_MediaInterfaceConfig            0x08003a23   Thumb Code     8  stm32f10x_gpio.o(.text)
    RCC_DeInit                               0x08003a51   Thumb Code    64  stm32f10x_rcc.o(.text)
    RCC_HSEConfig                            0x08003a91   Thumb Code    70  stm32f10x_rcc.o(.text)
    RCC_GetFlagStatus                        0x08003ad7   Thumb Code    56  stm32f10x_rcc.o(.text)
    RCC_WaitForHSEStartUp                    0x08003b0f   Thumb Code    56  stm32f10x_rcc.o(.text)
    RCC_AdjustHSICalibrationValue            0x08003b47   Thumb Code    20  stm32f10x_rcc.o(.text)
    RCC_HSICmd                               0x08003b5b   Thumb Code     6  stm32f10x_rcc.o(.text)
    RCC_PLLConfig                            0x08003b61   Thumb Code    24  stm32f10x_rcc.o(.text)
    RCC_PLLCmd                               0x08003b79   Thumb Code     6  stm32f10x_rcc.o(.text)
    RCC_SYSCLKConfig                         0x08003b7f   Thumb Code    18  stm32f10x_rcc.o(.text)
    RCC_GetSYSCLKSource                      0x08003b91   Thumb Code    10  stm32f10x_rcc.o(.text)
    RCC_HCLKConfig                           0x08003b9b   Thumb Code    18  stm32f10x_rcc.o(.text)
    RCC_PCLK1Config                          0x08003bad   Thumb Code    18  stm32f10x_rcc.o(.text)
    RCC_PCLK2Config                          0x08003bbf   Thumb Code    20  stm32f10x_rcc.o(.text)
    RCC_ITConfig                             0x08003bd3   Thumb Code    26  stm32f10x_rcc.o(.text)
    RCC_USBCLKConfig                         0x08003bed   Thumb Code     8  stm32f10x_rcc.o(.text)
    RCC_ADCCLKConfig                         0x08003bf5   Thumb Code    18  stm32f10x_rcc.o(.text)
    RCC_LSEConfig                            0x08003c07   Thumb Code    50  stm32f10x_rcc.o(.text)
    RCC_LSICmd                               0x08003c39   Thumb Code     6  stm32f10x_rcc.o(.text)
    RCC_RTCCLKConfig                         0x08003c3f   Thumb Code    12  stm32f10x_rcc.o(.text)
    RCC_RTCCLKCmd                            0x08003c4b   Thumb Code     8  stm32f10x_rcc.o(.text)
    RCC_GetClocksFreq                        0x08003c53   Thumb Code   192  stm32f10x_rcc.o(.text)
    RCC_AHBPeriphClockCmd                    0x08003d13   Thumb Code    26  stm32f10x_rcc.o(.text)
    RCC_APB2PeriphClockCmd                   0x08003d2d   Thumb Code    26  stm32f10x_rcc.o(.text)
    RCC_APB1PeriphClockCmd                   0x08003d47   Thumb Code    26  stm32f10x_rcc.o(.text)
    RCC_APB2PeriphResetCmd                   0x08003d61   Thumb Code    26  stm32f10x_rcc.o(.text)
    RCC_APB1PeriphResetCmd                   0x08003d7b   Thumb Code    26  stm32f10x_rcc.o(.text)
    RCC_BackupResetCmd                       0x08003d95   Thumb Code     8  stm32f10x_rcc.o(.text)
    RCC_ClockSecuritySystemCmd               0x08003d9d   Thumb Code     6  stm32f10x_rcc.o(.text)
    RCC_MCOConfig                            0x08003da3   Thumb Code     6  stm32f10x_rcc.o(.text)
    RCC_ClearFlag                            0x08003da9   Thumb Code    14  stm32f10x_rcc.o(.text)
    RCC_GetITStatus                          0x08003db7   Thumb Code    20  stm32f10x_rcc.o(.text)
    RCC_ClearITPendingBit                    0x08003dcb   Thumb Code     6  stm32f10x_rcc.o(.text)
    TIM_DeInit                               0x08003df5   Thumb Code   424  stm32f10x_tim.o(.text)
    TIM_TimeBaseInit                         0x08003f9d   Thumb Code   122  stm32f10x_tim.o(.text)
    TIM_OC1Init                              0x08004017   Thumb Code   132  stm32f10x_tim.o(.text)
    TIM_OC2Init                              0x0800409b   Thumb Code   154  stm32f10x_tim.o(.text)
    TIM_OC3Init                              0x08004135   Thumb Code   150  stm32f10x_tim.o(.text)
    TIM_OC4Init                              0x080041cb   Thumb Code   182  stm32f10x_tim.o(.text)
    TIM_SetIC4Prescaler                      0x08004281   Thumb Code    26  stm32f10x_tim.o(.text)
    TIM_SetIC3Prescaler                      0x0800431d   Thumb Code    18  stm32f10x_tim.o(.text)
    TIM_SetIC2Prescaler                      0x080043a9   Thumb Code    26  stm32f10x_tim.o(.text)
    TIM_SetIC1Prescaler                      0x08004445   Thumb Code    18  stm32f10x_tim.o(.text)
    TIM_ICInit                               0x080044c3   Thumb Code   150  stm32f10x_tim.o(.text)
    TIM_PWMIConfig                           0x08004559   Thumb Code   124  stm32f10x_tim.o(.text)
    TIM_BDTRConfig                           0x080045d5   Thumb Code    32  stm32f10x_tim.o(.text)
    TIM_TimeBaseStructInit                   0x080045f5   Thumb Code    18  stm32f10x_tim.o(.text)
    TIM_OCStructInit                         0x08004607   Thumb Code    20  stm32f10x_tim.o(.text)
    TIM_ICStructInit                         0x0800461b   Thumb Code    18  stm32f10x_tim.o(.text)
    TIM_BDTRStructInit                       0x0800462d   Thumb Code    40  stm32f10x_tim.o(.text)
    TIM_Cmd                                  0x08004655   Thumb Code    24  stm32f10x_tim.o(.text)
    TIM_CtrlPWMOutputs                       0x0800466d   Thumb Code    30  stm32f10x_tim.o(.text)
    TIM_ITConfig                             0x0800468b   Thumb Code    18  stm32f10x_tim.o(.text)
    TIM_GenerateEvent                        0x0800469d   Thumb Code     4  stm32f10x_tim.o(.text)
    TIM_DMAConfig                            0x080046a1   Thumb Code    10  stm32f10x_tim.o(.text)
    TIM_DMACmd                               0x080046ab   Thumb Code    18  stm32f10x_tim.o(.text)
    TIM_InternalClockConfig                  0x080046bd   Thumb Code    12  stm32f10x_tim.o(.text)
    TIM_SelectInputTrigger                   0x080046c9   Thumb Code    18  stm32f10x_tim.o(.text)
    TIM_ITRxExternalClockConfig              0x080046db   Thumb Code    24  stm32f10x_tim.o(.text)
    TIM_TIxExternalClockConfig               0x080046f3   Thumb Code    62  stm32f10x_tim.o(.text)
    TIM_ETRConfig                            0x08004731   Thumb Code    28  stm32f10x_tim.o(.text)
    TIM_ETRClockMode1Config                  0x0800474d   Thumb Code    54  stm32f10x_tim.o(.text)
    TIM_ETRClockMode2Config                  0x08004783   Thumb Code    32  stm32f10x_tim.o(.text)
    TIM_PrescalerConfig                      0x080047a3   Thumb Code     6  stm32f10x_tim.o(.text)
    TIM_CounterModeConfig                    0x080047a9   Thumb Code    18  stm32f10x_tim.o(.text)
    TIM_EncoderInterfaceConfig               0x080047bb   Thumb Code    66  stm32f10x_tim.o(.text)
    TIM_ForcedOC1Config                      0x080047fd   Thumb Code    18  stm32f10x_tim.o(.text)
    TIM_ForcedOC2Config                      0x0800480f   Thumb Code    26  stm32f10x_tim.o(.text)
    TIM_ForcedOC3Config                      0x08004829   Thumb Code    18  stm32f10x_tim.o(.text)
    TIM_ForcedOC4Config                      0x0800483b   Thumb Code    26  stm32f10x_tim.o(.text)
    TIM_ARRPreloadConfig                     0x08004855   Thumb Code    24  stm32f10x_tim.o(.text)
    TIM_SelectCOM                            0x0800486d   Thumb Code    24  stm32f10x_tim.o(.text)
    TIM_SelectCCDMA                          0x08004885   Thumb Code    24  stm32f10x_tim.o(.text)
    TIM_CCPreloadControl                     0x0800489d   Thumb Code    24  stm32f10x_tim.o(.text)
    TIM_OC1PreloadConfig                     0x080048b5   Thumb Code    18  stm32f10x_tim.o(.text)
    TIM_OC2PreloadConfig                     0x080048c7   Thumb Code    26  stm32f10x_tim.o(.text)
    TIM_OC3PreloadConfig                     0x080048e1   Thumb Code    18  stm32f10x_tim.o(.text)
    TIM_OC4PreloadConfig                     0x080048f3   Thumb Code    26  stm32f10x_tim.o(.text)
    TIM_OC1FastConfig                        0x0800490d   Thumb Code    18  stm32f10x_tim.o(.text)
    TIM_OC2FastConfig                        0x0800491f   Thumb Code    26  stm32f10x_tim.o(.text)
    TIM_OC3FastConfig                        0x08004939   Thumb Code    18  stm32f10x_tim.o(.text)
    TIM_OC4FastConfig                        0x0800494b   Thumb Code    26  stm32f10x_tim.o(.text)
    TIM_ClearOC1Ref                          0x08004965   Thumb Code    18  stm32f10x_tim.o(.text)
    TIM_ClearOC2Ref                          0x08004977   Thumb Code    24  stm32f10x_tim.o(.text)
    TIM_ClearOC3Ref                          0x0800498f   Thumb Code    18  stm32f10x_tim.o(.text)
    TIM_ClearOC4Ref                          0x080049a1   Thumb Code    24  stm32f10x_tim.o(.text)
    TIM_OC1PolarityConfig                    0x080049b9   Thumb Code    18  stm32f10x_tim.o(.text)
    TIM_OC1NPolarityConfig                   0x080049cb   Thumb Code    18  stm32f10x_tim.o(.text)
    TIM_OC2PolarityConfig                    0x080049dd   Thumb Code    26  stm32f10x_tim.o(.text)
    TIM_OC2NPolarityConfig                   0x080049f7   Thumb Code    26  stm32f10x_tim.o(.text)
    TIM_OC3PolarityConfig                    0x08004a11   Thumb Code    26  stm32f10x_tim.o(.text)
    TIM_OC3NPolarityConfig                   0x08004a2b   Thumb Code    26  stm32f10x_tim.o(.text)
    TIM_OC4PolarityConfig                    0x08004a45   Thumb Code    26  stm32f10x_tim.o(.text)
    TIM_CCxCmd                               0x08004a5f   Thumb Code    30  stm32f10x_tim.o(.text)
    TIM_CCxNCmd                              0x08004a7d   Thumb Code    30  stm32f10x_tim.o(.text)
    TIM_SelectOCxM                           0x08004a9b   Thumb Code    82  stm32f10x_tim.o(.text)
    TIM_UpdateDisableConfig                  0x08004aed   Thumb Code    24  stm32f10x_tim.o(.text)
    TIM_UpdateRequestConfig                  0x08004b05   Thumb Code    24  stm32f10x_tim.o(.text)
    TIM_SelectHallSensor                     0x08004b1d   Thumb Code    24  stm32f10x_tim.o(.text)
    TIM_SelectOnePulseMode                   0x08004b35   Thumb Code    18  stm32f10x_tim.o(.text)
    TIM_SelectOutputTrigger                  0x08004b47   Thumb Code    18  stm32f10x_tim.o(.text)
    TIM_SelectSlaveMode                      0x08004b59   Thumb Code    18  stm32f10x_tim.o(.text)
    TIM_SelectMasterSlaveMode                0x08004b6b   Thumb Code    18  stm32f10x_tim.o(.text)
    TIM_SetCounter                           0x08004b7d   Thumb Code     4  stm32f10x_tim.o(.text)
    TIM_SetAutoreload                        0x08004b81   Thumb Code     4  stm32f10x_tim.o(.text)
    TIM_SetCompare1                          0x08004b85   Thumb Code     4  stm32f10x_tim.o(.text)
    TIM_SetCompare2                          0x08004b89   Thumb Code     4  stm32f10x_tim.o(.text)
    TIM_SetCompare3                          0x08004b8d   Thumb Code     4  stm32f10x_tim.o(.text)
    TIM_SetCompare4                          0x08004b91   Thumb Code     6  stm32f10x_tim.o(.text)
    TIM_SetClockDivision                     0x08004b97   Thumb Code    18  stm32f10x_tim.o(.text)
    TIM_GetCapture1                          0x08004ba9   Thumb Code     6  stm32f10x_tim.o(.text)
    TIM_GetCapture2                          0x08004baf   Thumb Code     6  stm32f10x_tim.o(.text)
    TIM_GetCapture3                          0x08004bb5   Thumb Code     6  stm32f10x_tim.o(.text)
    TIM_GetCapture4                          0x08004bbb   Thumb Code     8  stm32f10x_tim.o(.text)
    TIM_GetCounter                           0x08004bc3   Thumb Code     6  stm32f10x_tim.o(.text)
    TIM_GetPrescaler                         0x08004bc9   Thumb Code     6  stm32f10x_tim.o(.text)
    TIM_GetFlagStatus                        0x08004bcf   Thumb Code    18  stm32f10x_tim.o(.text)
    TIM_ClearFlag                            0x08004be1   Thumb Code     6  stm32f10x_tim.o(.text)
    TIM_GetITStatus                          0x08004be7   Thumb Code    34  stm32f10x_tim.o(.text)
    TIM_ClearITPendingBit                    0x08004c09   Thumb Code     6  stm32f10x_tim.o(.text)
    USART_DeInit                             0x08004c11   Thumb Code   134  stm32f10x_usart.o(.text)
    USART_Init                               0x08004c97   Thumb Code   210  stm32f10x_usart.o(.text)
    USART_StructInit                         0x08004d69   Thumb Code    24  stm32f10x_usart.o(.text)
    USART_ClockInit                          0x08004d81   Thumb Code    34  stm32f10x_usart.o(.text)
    USART_ClockStructInit                    0x08004da3   Thumb Code    12  stm32f10x_usart.o(.text)
    USART_Cmd                                0x08004daf   Thumb Code    24  stm32f10x_usart.o(.text)
    USART_ITConfig                           0x08004dc7   Thumb Code    74  stm32f10x_usart.o(.text)
    USART_DMACmd                             0x08004e11   Thumb Code    18  stm32f10x_usart.o(.text)
    USART_SetAddress                         0x08004e23   Thumb Code    18  stm32f10x_usart.o(.text)
    USART_WakeUpConfig                       0x08004e35   Thumb Code    18  stm32f10x_usart.o(.text)
    USART_ReceiverWakeUpCmd                  0x08004e47   Thumb Code    24  stm32f10x_usart.o(.text)
    USART_LINBreakDetectLengthConfig         0x08004e5f   Thumb Code    18  stm32f10x_usart.o(.text)
    USART_LINCmd                             0x08004e71   Thumb Code    24  stm32f10x_usart.o(.text)
    USART_SendData                           0x08004e89   Thumb Code     8  stm32f10x_usart.o(.text)
    USART_ReceiveData                        0x08004e91   Thumb Code    10  stm32f10x_usart.o(.text)
    USART_SendBreak                          0x08004e9b   Thumb Code    10  stm32f10x_usart.o(.text)
    USART_SetGuardTime                       0x08004ea5   Thumb Code    16  stm32f10x_usart.o(.text)
    USART_SetPrescaler                       0x08004eb5   Thumb Code    16  stm32f10x_usart.o(.text)
    USART_SmartCardCmd                       0x08004ec5   Thumb Code    24  stm32f10x_usart.o(.text)
    USART_SmartCardNACKCmd                   0x08004edd   Thumb Code    24  stm32f10x_usart.o(.text)
    USART_HalfDuplexCmd                      0x08004ef5   Thumb Code    24  stm32f10x_usart.o(.text)
    USART_OverSampling8Cmd                   0x08004f0d   Thumb Code    22  stm32f10x_usart.o(.text)
    USART_OneBitMethodCmd                    0x08004f23   Thumb Code    24  stm32f10x_usart.o(.text)
    USART_IrDAConfig                         0x08004f3b   Thumb Code    18  stm32f10x_usart.o(.text)
    USART_IrDACmd                            0x08004f4d   Thumb Code    24  stm32f10x_usart.o(.text)
    USART_GetFlagStatus                      0x08004f65   Thumb Code    26  stm32f10x_usart.o(.text)
    USART_ClearFlag                          0x08004f7f   Thumb Code    18  stm32f10x_usart.o(.text)
    USART_GetITStatus                        0x08004f91   Thumb Code    84  stm32f10x_usart.o(.text)
    USART_ClearITPendingBit                  0x08004fe5   Thumb Code    52  stm32f10x_usart.o(.text)
    FLASH_SetLatency                         0x08005019   Thumb Code    18  stm32f10x_flash.o(.text)
    FLASH_HalfCycleAccessCmd                 0x0800502b   Thumb Code    22  stm32f10x_flash.o(.text)
    FLASH_PrefetchBufferCmd                  0x08005041   Thumb Code    22  stm32f10x_flash.o(.text)
    FLASH_Unlock                             0x08005057   Thumb Code    12  stm32f10x_flash.o(.text)
    FLASH_UnlockBank1                        0x08005063   Thumb Code    12  stm32f10x_flash.o(.text)
    FLASH_Lock                               0x0800506f   Thumb Code    14  stm32f10x_flash.o(.text)
    FLASH_LockBank1                          0x0800507d   Thumb Code    14  stm32f10x_flash.o(.text)
    FLASH_GetBank1Status                     0x0800508b   Thumb Code    48  stm32f10x_flash.o(.text)
    FLASH_WaitForLastOperation               0x080050bb   Thumb Code    38  stm32f10x_flash.o(.text)
    FLASH_ErasePage                          0x080050e1   Thumb Code    72  stm32f10x_flash.o(.text)
    FLASH_EraseAllPages                      0x08005129   Thumb Code    68  stm32f10x_flash.o(.text)
    FLASH_WaitForLastBank1Operation          0x0800516d   Thumb Code    38  stm32f10x_flash.o(.text)
    FLASH_EraseAllBank1Pages                 0x08005193   Thumb Code    68  stm32f10x_flash.o(.text)
    FLASH_GetReadOutProtectionStatus         0x080051d7   Thumb Code    20  stm32f10x_flash.o(.text)
    FLASH_EraseOptionBytes                   0x080051eb   Thumb Code   150  stm32f10x_flash.o(.text)
    FLASH_ProgramWord                        0x08005281   Thumb Code   102  stm32f10x_flash.o(.text)
    FLASH_ProgramHalfWord                    0x080052e7   Thumb Code    60  stm32f10x_flash.o(.text)
    FLASH_ProgramOptionByteData              0x08005323   Thumb Code    72  stm32f10x_flash.o(.text)
    FLASH_EnableWriteProtection              0x0800536b   Thumb Code   200  stm32f10x_flash.o(.text)
    FLASH_ReadOutProtection                  0x08005433   Thumb Code   156  stm32f10x_flash.o(.text)
    FLASH_UserOptionByteConfig               0x080054cf   Thumb Code    88  stm32f10x_flash.o(.text)
    FLASH_GetUserOptionByte                  0x08005527   Thumb Code     8  stm32f10x_flash.o(.text)
    FLASH_GetWriteProtectionOptionByte       0x0800552f   Thumb Code     6  stm32f10x_flash.o(.text)
    FLASH_GetPrefetchBufferStatus            0x08005535   Thumb Code    20  stm32f10x_flash.o(.text)
    FLASH_ITConfig                           0x08005549   Thumb Code    26  stm32f10x_flash.o(.text)
    FLASH_GetFlagStatus                      0x08005563   Thumb Code    42  stm32f10x_flash.o(.text)
    FLASH_ClearFlag                          0x0800558d   Thumb Code     6  stm32f10x_flash.o(.text)
    FLASH_GetStatus                          0x08005593   Thumb Code    48  stm32f10x_flash.o(.text)
    ADC_DeInit                               0x080055d5   Thumb Code    78  stm32f10x_adc.o(.text)
    ADC_Init                                 0x08005623   Thumb Code    70  stm32f10x_adc.o(.text)
    ADC_StructInit                           0x08005669   Thumb Code    18  stm32f10x_adc.o(.text)
    ADC_Cmd                                  0x0800567b   Thumb Code    22  stm32f10x_adc.o(.text)
    ADC_DMACmd                               0x08005691   Thumb Code    22  stm32f10x_adc.o(.text)
    ADC_ITConfig                             0x080056a7   Thumb Code    24  stm32f10x_adc.o(.text)
    ADC_ResetCalibration                     0x080056bf   Thumb Code    10  stm32f10x_adc.o(.text)
    ADC_GetResetCalibrationStatus            0x080056c9   Thumb Code    20  stm32f10x_adc.o(.text)
    ADC_StartCalibration                     0x080056dd   Thumb Code    10  stm32f10x_adc.o(.text)
    ADC_GetCalibrationStatus                 0x080056e7   Thumb Code    20  stm32f10x_adc.o(.text)
    ADC_SoftwareStartConvCmd                 0x080056fb   Thumb Code    22  stm32f10x_adc.o(.text)
    ADC_GetSoftwareStartConvStatus           0x08005711   Thumb Code    20  stm32f10x_adc.o(.text)
    ADC_DiscModeChannelCountConfig           0x08005725   Thumb Code    24  stm32f10x_adc.o(.text)
    ADC_DiscModeCmd                          0x0800573d   Thumb Code    22  stm32f10x_adc.o(.text)
    ADC_RegularChannelConfig                 0x08005753   Thumb Code   184  stm32f10x_adc.o(.text)
    ADC_ExternalTrigConvCmd                  0x0800580b   Thumb Code    22  stm32f10x_adc.o(.text)
    ADC_GetConversionValue                   0x08005821   Thumb Code     8  stm32f10x_adc.o(.text)
    ADC_GetDualModeConversionValue           0x08005829   Thumb Code     8  stm32f10x_adc.o(.text)
    ADC_AutoInjectedConvCmd                  0x08005831   Thumb Code    22  stm32f10x_adc.o(.text)
    ADC_InjectedDiscModeCmd                  0x08005847   Thumb Code    22  stm32f10x_adc.o(.text)
    ADC_ExternalTrigInjectedConvConfig       0x0800585d   Thumb Code    16  stm32f10x_adc.o(.text)
    ADC_ExternalTrigInjectedConvCmd          0x0800586d   Thumb Code    22  stm32f10x_adc.o(.text)
    ADC_SoftwareStartInjectedConvCmd         0x08005883   Thumb Code    22  stm32f10x_adc.o(.text)
    ADC_GetSoftwareStartInjectedConvCmdStatus 0x08005899   Thumb Code    20  stm32f10x_adc.o(.text)
    ADC_InjectedChannelConfig                0x080058ad   Thumb Code   130  stm32f10x_adc.o(.text)
    ADC_InjectedSequencerLengthConfig        0x0800592f   Thumb Code    24  stm32f10x_adc.o(.text)
    ADC_SetInjectedOffset                    0x08005947   Thumb Code    20  stm32f10x_adc.o(.text)
    ADC_GetInjectedConversionValue           0x0800595b   Thumb Code    28  stm32f10x_adc.o(.text)
    ADC_AnalogWatchdogCmd                    0x08005977   Thumb Code    16  stm32f10x_adc.o(.text)
    ADC_AnalogWatchdogThresholdsConfig       0x08005987   Thumb Code     6  stm32f10x_adc.o(.text)
    ADC_AnalogWatchdogSingleChannelConfig    0x0800598d   Thumb Code    16  stm32f10x_adc.o(.text)
    ADC_TempSensorVrefintCmd                 0x0800599d   Thumb Code    64  stm32f10x_adc.o(.text)
    ADC_GetFlagStatus                        0x080059dd   Thumb Code    18  stm32f10x_adc.o(.text)
    ADC_ClearFlag                            0x080059ef   Thumb Code     6  stm32f10x_adc.o(.text)
    ADC_GetITStatus                          0x080059f5   Thumb Code    36  stm32f10x_adc.o(.text)
    ADC_ClearITPendingBit                    0x08005a19   Thumb Code    10  stm32f10x_adc.o(.text)
    tolower                                  0x08005a23   Thumb Code    12  tolower.o(.text)
    localeconv                               0x08005a31   Thumb Code     4  localeconv.o(.text)
    __aeabi_memcpy                           0x08005a39   Thumb Code    36  memcpya.o(.text)
    __aeabi_memcpy4                          0x08005a39   Thumb Code     0  memcpya.o(.text)
    __aeabi_memcpy8                          0x08005a39   Thumb Code     0  memcpya.o(.text)
    __aeabi_memset                           0x08005a5d   Thumb Code    14  memseta.o(.text)
    __aeabi_memset4                          0x08005a5d   Thumb Code     0  memseta.o(.text)
    __aeabi_memset8                          0x08005a5d   Thumb Code     0  memseta.o(.text)
    __aeabi_memclr                           0x08005a6b   Thumb Code     4  memseta.o(.text)
    __aeabi_memclr4                          0x08005a6b   Thumb Code     0  memseta.o(.text)
    __aeabi_memclr8                          0x08005a6b   Thumb Code     0  memseta.o(.text)
    _memset$wrapper                          0x08005a6f   Thumb Code    18  memseta.o(.text)
    strlen                                   0x08005a81   Thumb Code    14  strlen.o(.text)
    strcmp                                   0x08005a8f   Thumb Code    28  strcmp.o(.text)
    strcpy                                   0x08005aab   Thumb Code    18  strcpy.o(.text)
    strncmp                                  0x08005abd   Thumb Code    30  strncmp.o(.text)
    __0sscanf                                0x08005add   Thumb Code    48  __0sscanf.o(.text)
    _scanf_real                              0x08005c3d   Thumb Code     0  scanf_fp.o(.text)
    _scanf_really_real                       0x08005c3d   Thumb Code   556  scanf_fp.o(.text)
    __aeabi_dmul                             0x08005e75   Thumb Code   228  dmul.o(.text)
    __aeabi_i2d                              0x08005f59   Thumb Code    34  dflti.o(.text)
    __aeabi_d2iz                             0x08005f7b   Thumb Code    62  dfixi.o(.text)
    __aeabi_f2d                              0x08005fb9   Thumb Code    38  f2d.o(.text)
    __aeabi_cdcmpeq                          0x08005fe1   Thumb Code     0  cdcmple.o(.text)
    __aeabi_cdcmple                          0x08005fe1   Thumb Code    48  cdcmple.o(.text)
    __aeabi_cdrcmple                         0x08006011   Thumb Code    48  cdrcmple.o(.text)
    __aeabi_uidiv                            0x08006041   Thumb Code     0  uidiv.o(.text)
    __aeabi_uidivmod                         0x08006041   Thumb Code    44  uidiv.o(.text)
    __aeabi_uldivmod                         0x0800606d   Thumb Code    98  uldiv.o(.text)
    __aeabi_llsr                             0x080060cf   Thumb Code    32  llushr.o(.text)
    _ll_ushift_r                             0x080060cf   Thumb Code     0  llushr.o(.text)
    __vfscanf_char                           0x080060fd   Thumb Code    20  scanf_char.o(.text)
    _sgetc                                   0x08006119   Thumb Code    30  _sgetc.o(.text)
    _sbackspace                              0x08006137   Thumb Code    34  _sgetc.o(.text)
    __strtod_int                             0x0800618f   Thumb Code    90  strtod.o(.text)
    __I$use$fp                               0x080061f5   Thumb Code     0  iusefp.o(.text)
    _double_round                            0x080061f5   Thumb Code    30  depilogue.o(.text)
    _double_epilogue                         0x08006213   Thumb Code   156  depilogue.o(.text)
    __aeabi_dadd                             0x080062af   Thumb Code   322  dadd.o(.text)
    __aeabi_dsub                             0x080063f1   Thumb Code     6  dadd.o(.text)
    __aeabi_drsub                            0x080063f7   Thumb Code     6  dadd.o(.text)
    __aeabi_ddiv                             0x080063fd   Thumb Code   222  ddiv.o(.text)
    __aeabi_ul2d                             0x080064db   Thumb Code    24  dfltul.o(.text)
    __aeabi_d2ulz                            0x080064f3   Thumb Code    48  dfixul.o(.text)
    __aeabi_d2f                              0x08006523   Thumb Code    56  d2f.o(.text)
    __scatterload                            0x0800655d   Thumb Code    28  init.o(.text)
    __scatterload_rt2                        0x0800655d   Thumb Code     0  init.o(.text)
    __aeabi_llsl                             0x08006581   Thumb Code    30  llshl.o(.text)
    _ll_shift_l                              0x08006581   Thumb Code     0  llshl.o(.text)
    __aeabi_lasr                             0x0800659f   Thumb Code    36  llsshr.o(.text)
    _ll_sshift_r                             0x0800659f   Thumb Code     0  llsshr.o(.text)
    isspace                                  0x080065c3   Thumb Code    10  isspace_c.o(.text)
    __vfscanf                                0x080065cd   Thumb Code   810  _scanf.o(.text)
    _float_round                             0x080068fd   Thumb Code    18  fepilogue.o(.text)
    _float_epilogue                          0x0800690f   Thumb Code    92  fepilogue.o(.text)
    __ctype_lookup                           0x0800696d   Thumb Code    34  ctype_c.o(.text)
    __decompress                             0x08006995   Thumb Code     0  __dczerorl2.o(.text)
    __decompress1                            0x08006995   Thumb Code    86  __dczerorl2.o(.text)
    __0printf                                0x080069ed   Thumb Code    22  printfa.o(i.__0printf)
    __1printf                                0x080069ed   Thumb Code     0  printfa.o(i.__0printf)
    __2printf                                0x080069ed   Thumb Code     0  printfa.o(i.__0printf)
    __c89printf                              0x080069ed   Thumb Code     0  printfa.o(i.__0printf)
    printf                                   0x080069ed   Thumb Code     0  printfa.o(i.__0printf)
    __0sprintf                               0x08006a0d   Thumb Code    34  printfa.o(i.__0sprintf)
    __1sprintf                               0x08006a0d   Thumb Code     0  printfa.o(i.__0sprintf)
    __2sprintf                               0x08006a0d   Thumb Code     0  printfa.o(i.__0sprintf)
    __c89sprintf                             0x08006a0d   Thumb Code     0  printfa.o(i.__0sprintf)
    sprintf                                  0x08006a0d   Thumb Code     0  printfa.o(i.__0sprintf)
    free                                     0x08006a35   Thumb Code    88  mallocr.o(i.__free$realloc)
    malloc                                   0x08006a91   Thumb Code    64  mallocr.o(i.__malloc$realloc)
    __scatterload_copy                       0x08006ae1   Thumb Code    14  handlers.o(i.__scatterload_copy)
    __scatterload_null                       0x08006aef   Thumb Code     2  handlers.o(i.__scatterload_null)
    __scatterload_zeroinit                   0x08006af1   Thumb Code    14  handlers.o(i.__scatterload_zeroinit)
    _is_digit                                0x08006c85   Thumb Code    14  scanf_fp.o(i._is_digit)
    realloc                                  0x080073f5   Thumb Code   102  mallocr.o(i.realloc)
    strtod                                   0x08007461   Thumb Code    28  strtod.o(i.strtod)
    F6x8                                     0x0800748a   Data         552  oled.o(.constdata)
    F8X16                                    0x080076b2   Data        1520  oled.o(.constdata)
    __internal_lconv                         0x08007ca4   Data          56  ilconv.o(.constdata)
    __ctype_categories                       0x08007cdc   Data          64  ctype_c.o(.constdata)
    Region$$Table$$Base                      0x08007d24   Number         0  anon$$obj.o(Region$$Table)
    Region$$Table$$Limit                     0x08007d44   Number         0  anon$$obj.o(Region$$Table)
    motor_status                             0x20000000   Data           1  main.o(.data)
    num                                      0x20000001   Data           1  main.o(.data)
    TEXT_Buffer                              0x20000002   Data           5  main.o(.data)
    number_result                            0x20000008   Data           4  main.o(.data)
    mul                                      0x2000000c   Data           4  main.o(.data)
    flag0                                    0x20000010   Data           4  main.o(.data)
    flag1                                    0x20000014   Data           4  main.o(.data)
    set_status_flag                          0x20000018   Data           4  main.o(.data)
    spd_km_h_rank                            0x2000001c   Data           2  main.o(.data)
    spd_km_h_rank_old                        0x2000001e   Data           2  main.o(.data)
    spd_index                                0x20000020   Data           2  main.o(.data)
    rpm                                      0x20000024   Data           4  main.o(.data)
    old_rpm                                  0x20000028   Data           4  main.o(.data)
    rotate_total                             0x2000002c   Data           4  main.o(.data)
    enable                                   0x20000030   Data           4  main.o(.data)
    direction                                0x20000034   Data           2  main.o(.data)
    old_direction                            0x20000036   Data           2  main.o(.data)
    mode                                     0x20000038   Data           2  main.o(.data)
    reset_position_flag                      0x2000003a   Data           2  main.o(.data)
    flag_10s                                 0x2000003c   Data           2  main.o(.data)
    motor_time                               0x20000040   Data           4  main.o(.data)
    stop_time                                0x20000044   Data           4  main.o(.data)
    vol_threshold                            0x20000048   Data           4  main.o(.data)
    motor_speed                              0x2000004c   Data           4  main.o(.data)
    motor_time_counter                       0x20000050   Data           4  main.o(.data)
    stop_time_counter                        0x20000054   Data           4  main.o(.data)
    shutdown_flag                            0x20000058   Data           1  main.o(.data)
    pulse_count                              0x2000005c   Data           4  main.o(.data)
    last_pulse_count                         0x20000060   Data           4  main.o(.data)
    display_mode                             0x20000064   Data           1  main.o(.data)
    status                                   0x20000068   Data           4  main.o(.data)
    counter1                                 0x2000006c   Data           4  main.o(.data)
    counter2                                 0x20000070   Data           4  main.o(.data)
    counter3                                 0x20000074   Data           4  main.o(.data)
    SystemCoreClock                          0x20000078   Data           4  system_stm32f10x.o(.data)
    AHBPrescTable                            0x2000007c   Data          16  system_stm32f10x.o(.data)
    counter                                  0x2000008c   Data           4  timer.o(.data)
    led_counter                              0x20000090   Data           4  timer.o(.data)
    led_flag                                 0x20000094   Data           4  timer.o(.data)
    count_times                              0x20000098   Data           4  timer.o(.data)
    Hzk                                      0x200000b4   Data         704  oled.o(.data)
    __stdout                                 0x20000378   Data           4  usart.o(.data)
    USART_RX_STA                             0x2000037c   Data           2  usart.o(.data)
    __microlib_freelist                      0x20000394   Data           4  mvars.o(.data)
    __microlib_freelist_initialised          0x20000398   Data           4  mvars.o(.data)
    number                                   0x2000039c   Data          10  main.o(.bss)
    datatemp                                 0x200003a6   Data          10  main.o(.bss)
    display_buffer                           0x200003b0   Data          20  main.o(.bss)
    STMFLASH_BUF                             0x200003c4   Data        2048  flash.o(.bss)
    rec_buff                                 0x20000bd3   Data         128  usart.o(.bss)
    USART_RX_BUF                             0x20000c53   Data         200  usart.o(.bss)
    __heap_base                              0x20000d20   Data           0  startup_stm32f10x_hd.o(HEAP)
    __heap_limit                             0x20000f20   Data           0  startup_stm32f10x_hd.o(HEAP)
    __initial_sp                             0x20001320   Data           0  startup_stm32f10x_hd.o(STACK)



==============================================================================

Memory Map of the image

  Image Entry point : 0x08000131

  Load Region LR_IROM1 (Base: 0x08000000, Size: 0x000080e0, Max: 0x00080000, ABSOLUTE, COMPRESSED[0x00007e9c])

    Execution Region ER_IROM1 (Exec base: 0x08000000, Load base: 0x08000000, Size: 0x00007d44, Max: 0x00080000, ABSOLUTE)

    Exec Addr    Load Addr    Size         Type   Attr      Idx    E Section Name        Object

    0x08000000   0x08000000   0x00000130   Data   RO          429    RESET               startup_stm32f10x_hd.o
    0x08000130   0x08000130   0x00000000   Code   RO          524  * .ARM.Collect$$$$00000000  mc_w.l(entry.o)
    0x08000130   0x08000130   0x00000004   Code   RO          852    .ARM.Collect$$$$00000001  mc_w.l(entry2.o)
    0x08000134   0x08000134   0x00000004   Code   RO          855    .ARM.Collect$$$$00000004  mc_w.l(entry5.o)
    0x08000138   0x08000138   0x00000000   Code   RO          857    .ARM.Collect$$$$00000008  mc_w.l(entry7b.o)
    0x08000138   0x08000138   0x00000000   Code   RO          859    .ARM.Collect$$$$0000000A  mc_w.l(entry8b.o)
    0x08000138   0x08000138   0x00000008   Code   RO          860    .ARM.Collect$$$$0000000B  mc_w.l(entry9a.o)
    0x08000140   0x08000140   0x00000004   Code   RO          867    .ARM.Collect$$$$0000000E  mc_w.l(entry12b.o)
    0x08000144   0x08000144   0x00000000   Code   RO          862    .ARM.Collect$$$$0000000F  mc_w.l(entry10a.o)
    0x08000144   0x08000144   0x00000000   Code   RO          864    .ARM.Collect$$$$00000011  mc_w.l(entry11a.o)
    0x08000144   0x08000144   0x00000004   Code   RO          853    .ARM.Collect$$$$00002712  mc_w.l(entry2.o)
    0x08000148   0x08000148   0x000009bc   Code   RO            1    .text               main.o
    0x08000b04   0x08000b04   0x0000001a   Code   RO          151    .text               stm32f10x_it.o
    0x08000b1e   0x08000b1e   0x00000002   PAD
    0x08000b20   0x08000b20   0x000001e0   Code   RO          192    .text               system_stm32f10x.o
    0x08000d00   0x08000d00   0x00000028   Code   RO          210    .text               led.o
    0x08000d28   0x08000d28   0x00000250   Code   RO          235    .text               timer.o
    0x08000f78   0x08000f78   0x00000144   Code   RO          251    .text               flash.o
    0x080010bc   0x080010bc   0x00001c30   Code   RO          266    .text               cjson.o
    0x08002cec   0x08002cec   0x000000e8   Code   RO          311    .text               adc.o
    0x08002dd4   0x08002dd4   0x00000018   Code   RO          323    .text               hal.o
    0x08002dec   0x08002dec   0x000005d0   Code   RO          341    .text               oled.o
    0x080033bc   0x080033bc   0x000000d4   Code   RO          363    .text               delay.o
    0x08003490   0x08003490   0x00000164   Code   RO          394    .text               usart.o
    0x080035f4   0x080035f4   0x00000024   Code   RO          430    .text               startup_stm32f10x_hd.o
    0x08003618   0x08003618   0x000000dc   Code   RO          434    .text               misc.o
    0x080036f4   0x080036f4   0x0000035c   Code   RO          446    .text               stm32f10x_gpio.o
    0x08003a50   0x08003a50   0x000003a4   Code   RO          458    .text               stm32f10x_rcc.o
    0x08003df4   0x08003df4   0x00000e1a   Code   RO          472    .text               stm32f10x_tim.o
    0x08004c0e   0x08004c0e   0x00000002   PAD
    0x08004c10   0x08004c10   0x00000408   Code   RO          484    .text               stm32f10x_usart.o
    0x08005018   0x08005018   0x000005bc   Code   RO          496    .text               stm32f10x_flash.o
    0x080055d4   0x080055d4   0x0000044e   Code   RO          508    .text               stm32f10x_adc.o
    0x08005a22   0x08005a22   0x0000000c   Code   RO          527    .text               mc_w.l(tolower.o)
    0x08005a2e   0x08005a2e   0x00000002   PAD
    0x08005a30   0x08005a30   0x00000008   Code   RO          529    .text               mc_w.l(localeconv.o)
    0x08005a38   0x08005a38   0x00000024   Code   RO          531    .text               mc_w.l(memcpya.o)
    0x08005a5c   0x08005a5c   0x00000024   Code   RO          533    .text               mc_w.l(memseta.o)
    0x08005a80   0x08005a80   0x0000000e   Code   RO          535    .text               mc_w.l(strlen.o)
    0x08005a8e   0x08005a8e   0x0000001c   Code   RO          537    .text               mc_w.l(strcmp.o)
    0x08005aaa   0x08005aaa   0x00000012   Code   RO          539    .text               mc_w.l(strcpy.o)
    0x08005abc   0x08005abc   0x0000001e   Code   RO          541    .text               mc_w.l(strncmp.o)
    0x08005ada   0x08005ada   0x00000002   PAD
    0x08005adc   0x08005adc   0x00000038   Code   RO          834    .text               mc_w.l(__0sscanf.o)
    0x08005b14   0x08005b14   0x00000360   Code   RO          836    .text               mc_w.l(scanf_fp.o)
    0x08005e74   0x08005e74   0x000000e4   Code   RO          840    .text               mf_w.l(dmul.o)
    0x08005f58   0x08005f58   0x00000022   Code   RO          842    .text               mf_w.l(dflti.o)
    0x08005f7a   0x08005f7a   0x0000003e   Code   RO          844    .text               mf_w.l(dfixi.o)
    0x08005fb8   0x08005fb8   0x00000026   Code   RO          846    .text               mf_w.l(f2d.o)
    0x08005fde   0x08005fde   0x00000002   PAD
    0x08005fe0   0x08005fe0   0x00000030   Code   RO          848    .text               mf_w.l(cdcmple.o)
    0x08006010   0x08006010   0x00000030   Code   RO          850    .text               mf_w.l(cdrcmple.o)
    0x08006040   0x08006040   0x0000002c   Code   RO          868    .text               mc_w.l(uidiv.o)
    0x0800606c   0x0800606c   0x00000062   Code   RO          870    .text               mc_w.l(uldiv.o)
    0x080060ce   0x080060ce   0x00000020   Code   RO          872    .text               mc_w.l(llushr.o)
    0x080060ee   0x080060ee   0x00000002   PAD
    0x080060f0   0x080060f0   0x00000028   Code   RO          878    .text               mc_w.l(scanf_char.o)
    0x08006118   0x08006118   0x00000040   Code   RO          880    .text               mc_w.l(_sgetc.o)
    0x08006158   0x08006158   0x0000009c   Code   RO          882    .text               mc_w.l(strtod.o)
    0x080061f4   0x080061f4   0x00000000   Code   RO          884    .text               mc_w.l(iusefp.o)
    0x080061f4   0x080061f4   0x000000ba   Code   RO          885    .text               mf_w.l(depilogue.o)
    0x080062ae   0x080062ae   0x0000014e   Code   RO          887    .text               mf_w.l(dadd.o)
    0x080063fc   0x080063fc   0x000000de   Code   RO          889    .text               mf_w.l(ddiv.o)
    0x080064da   0x080064da   0x00000018   Code   RO          891    .text               mf_w.l(dfltul.o)
    0x080064f2   0x080064f2   0x00000030   Code   RO          893    .text               mf_w.l(dfixul.o)
    0x08006522   0x08006522   0x00000038   Code   RO          895    .text               mf_w.l(d2f.o)
    0x0800655a   0x0800655a   0x00000002   PAD
    0x0800655c   0x0800655c   0x00000024   Code   RO          897    .text               mc_w.l(init.o)
    0x08006580   0x08006580   0x0000001e   Code   RO          899    .text               mc_w.l(llshl.o)
    0x0800659e   0x0800659e   0x00000024   Code   RO          901    .text               mc_w.l(llsshr.o)
    0x080065c2   0x080065c2   0x0000000a   Code   RO          903    .text               mc_w.l(isspace_c.o)
    0x080065cc   0x080065cc   0x00000330   Code   RO          905    .text               mc_w.l(_scanf.o)
    0x080068fc   0x080068fc   0x0000006e   Code   RO          907    .text               mf_w.l(fepilogue.o)
    0x0800696a   0x0800696a   0x00000002   PAD
    0x0800696c   0x0800696c   0x00000028   Code   RO          909    .text               mc_w.l(ctype_c.o)
    0x08006994   0x08006994   0x00000056   Code   RO          920    .text               mc_w.l(__dczerorl2.o)
    0x080069ea   0x080069ea   0x00000002   PAD
    0x080069ec   0x080069ec   0x00000020   Code   RO          778    i.__0printf         mc_w.l(printfa.o)
    0x08006a0c   0x08006a0c   0x00000028   Code   RO          780    i.__0sprintf        mc_w.l(printfa.o)
    0x08006a34   0x08006a34   0x0000005c   Code   RO          810    i.__free$realloc    mc_w.l(mallocr.o)
    0x08006a90   0x08006a90   0x00000050   Code   RO          811    i.__malloc$realloc  mc_w.l(mallocr.o)
    0x08006ae0   0x08006ae0   0x0000000e   Code   RO          914    i.__scatterload_copy  mc_w.l(handlers.o)
    0x08006aee   0x08006aee   0x00000002   Code   RO          915    i.__scatterload_null  mc_w.l(handlers.o)
    0x08006af0   0x08006af0   0x0000000e   Code   RO          916    i.__scatterload_zeroinit  mc_w.l(handlers.o)
    0x08006afe   0x08006afe   0x00000002   PAD
    0x08006b00   0x08006b00   0x00000184   Code   RO          785    i._fp_digits        mc_w.l(printfa.o)
    0x08006c84   0x08006c84   0x0000000e   Code   RO          838    i._is_digit         mc_w.l(scanf_fp.o)
    0x08006c92   0x08006c92   0x00000002   PAD
    0x08006c94   0x08006c94   0x000006b4   Code   RO          786    i._printf_core      mc_w.l(printfa.o)
    0x08007348   0x08007348   0x00000024   Code   RO          787    i._printf_post_padding  mc_w.l(printfa.o)
    0x0800736c   0x0800736c   0x0000002e   Code   RO          788    i._printf_pre_padding  mc_w.l(printfa.o)
    0x0800739a   0x0800739a   0x0000000a   Code   RO          790    i._sputc            mc_w.l(printfa.o)
    0x080073a4   0x080073a4   0x00000050   Code   RO          812    i.internal_alloc    mc_w.l(mallocr.o)
    0x080073f4   0x080073f4   0x0000006c   Code   RO          813    i.realloc           mc_w.l(mallocr.o)
    0x08007460   0x08007460   0x0000001c   Code   RO          521    i.strtod            m_ws.l(strtod.o)
    0x0800747c   0x0800747c   0x0000000e   Data   RO            3    .constdata          main.o
    0x0800748a   0x0800748a   0x00000818   Data   RO          342    .constdata          oled.o
    0x08007ca2   0x08007ca2   0x00000002   PAD
    0x08007ca4   0x08007ca4   0x00000038   Data   RO          874    .constdata          mc_w.l(ilconv.o)
    0x08007cdc   0x08007cdc   0x00000040   Data   RO          910    .constdata          mc_w.l(ctype_c.o)
    0x08007d1c   0x08007d1c   0x00000005   Data   RO          875    .conststring        mc_w.l(ilconv.o)
    0x08007d21   0x08007d21   0x00000003   PAD
    0x08007d24   0x08007d24   0x00000020   Data   RO          912    Region$$Table       anon$$obj.o


    Execution Region RW_IRAM1 (Exec base: 0x20000000, Load base: 0x08007d44, Size: 0x00001320, Max: 0x00010000, ABSOLUTE, COMPRESSED[0x00000158])

    Exec Addr    Load Addr    Size         Type   Attr      Idx    E Section Name        Object

    0x20000000   COMPRESSED   0x00000078   Data   RW            4    .data               main.o
    0x20000078   COMPRESSED   0x00000014   Data   RW          193    .data               system_stm32f10x.o
    0x2000008c   COMPRESSED   0x00000011   Data   RW          236    .data               timer.o
    0x2000009d   COMPRESSED   0x00000003   PAD
    0x200000a0   COMPRESSED   0x00000014   Data   RW          268    .data               cjson.o
    0x200000b4   COMPRESSED   0x000002c0   Data   RW          343    .data               oled.o
    0x20000374   COMPRESSED   0x00000004   Data   RW          364    .data               delay.o
    0x20000378   COMPRESSED   0x00000006   Data   RW          396    .data               usart.o
    0x2000037e   COMPRESSED   0x00000014   Data   RW          459    .data               stm32f10x_rcc.o
    0x20000392   COMPRESSED   0x00000002   PAD
    0x20000394   COMPRESSED   0x00000004   Data   RW          876    .data               mc_w.l(mvars.o)
    0x20000398   COMPRESSED   0x00000004   Data   RW          877    .data               mc_w.l(mvars.o)
    0x2000039c        -       0x00000028   Zero   RW            2    .bss                main.o
    0x200003c4        -       0x00000800   Zero   RW          252    .bss                flash.o
    0x20000bc4        -       0x0000000f   Zero   RW          267    .bss                cjson.o
    0x20000bd3        -       0x00000148   Zero   RW          395    .bss                usart.o
    0x20000d1b   COMPRESSED   0x00000005   PAD
    0x20000d20        -       0x00000200   Zero   RW          428    HEAP                startup_stm32f10x_hd.o
    0x20000f20        -       0x00000400   Zero   RW          427    STACK               startup_stm32f10x_hd.o


==============================================================================

Image component sizes


      Code (inc. data)   RO Data    RW Data    ZI Data      Debug   Object Name

       232          8          0          0          0       1075   adc.o
      7216        144          0         20         15      33781   cjson.o
       212         18          0          4          0        987   delay.o
       324          8          0          0       2048       2598   flash.o
        24          0          0          0          0        914   hal.o
        40          6          0          0          0        447   led.o
      2492       1004         14        120         40     275114   main.o
       220         22          0          0          0       1745   misc.o
      1488         24       2072        704          0       6699   oled.o
        36          8        304          0       1536        764   startup_stm32f10x_hd.o
      1102         26          0          0          0      10985   stm32f10x_adc.o
      1468         34          0          0          0       8150   stm32f10x_flash.o
       860         38          0          0          0       5677   stm32f10x_gpio.o
        26          0          0          0          0       1150   stm32f10x_it.o
       932         36          0         20          0       8824   stm32f10x_rcc.o
      3610         88          0          0          0      22784   stm32f10x_tim.o
      1032         22          0          0          0       8400   stm32f10x_usart.o
         0          0          0          0          0         32   sys.o
       480         38          0         20          0       1655   system_stm32f10x.o
       592         54          0         17          0       2067   timer.o
       356         20          0          6        328       3167   usart.o

    ----------------------------------------------------------------------
     22746       1598       2424        916       3972     397015   Object Totals
         0          0         32          0          0          0   (incl. Generated)
         4          0          2          5          5          0   (incl. Padding)

    ----------------------------------------------------------------------

      Code (inc. data)   RO Data    RW Data    ZI Data      Debug   Library Member Name

        28          0          0          0          0         80   strtod.o
        56          8          0          0          0         84   __0sscanf.o
        86          0          0          0          0          0   __dczerorl2.o
       816          6          0          0          0        112   _scanf.o
        64          0          0          0          0         84   _sgetc.o
        40          6         64          0          0         68   ctype_c.o
         0          0          0          0          0          0   entry.o
         0          0          0          0          0          0   entry10a.o
         0          0          0          0          0          0   entry11a.o
         4          0          0          0          0          0   entry12b.o
         8          4          0          0          0          0   entry2.o
         4          0          0          0          0          0   entry5.o
         0          0          0          0          0          0   entry7b.o
         0          0          0          0          0          0   entry8b.o
         8          4          0          0          0          0   entry9a.o
        30          0          0          0          0          0   handlers.o
         0          0         61          0          0          0   ilconv.o
        36          8          0          0          0         68   init.o
        10          0          0          0          0         68   isspace_c.o
         0          0          0          0          0          0   iusefp.o
        30          0          0          0          0         68   llshl.o
        36          0          0          0          0         68   llsshr.o
        32          0          0          0          0         68   llushr.o
         8          4          0          0          0         68   localeconv.o
       360         30          0          0          0        356   mallocr.o
        36          0          0          0          0         68   memcpya.o
        36          0          0          0          0        108   memseta.o
         0          0          0          8          0          0   mvars.o
      2268         96          0          0          0        616   printfa.o
        40          8          0          0          0         84   scanf_char.o
       878         12          0          0          0        216   scanf_fp.o
        28          0          0          0          0         76   strcmp.o
        18          0          0          0          0         68   strcpy.o
        14          0          0          0          0         68   strlen.o
        30          0          0          0          0         80   strncmp.o
       156         12          0          0          0        120   strtod.o
        12          0          0          0          0         68   tolower.o
        44          0          0          0          0         80   uidiv.o
        98          0          0          0          0         92   uldiv.o
        48          0          0          0          0         68   cdcmple.o
        48          0          0          0          0         68   cdrcmple.o
        56          0          0          0          0         88   d2f.o
       334          0          0          0          0        148   dadd.o
       222          0          0          0          0        100   ddiv.o
       186          0          0          0          0        176   depilogue.o
        62          0          0          0          0         80   dfixi.o
        48          0          0          0          0         68   dfixul.o
        34          0          0          0          0         76   dflti.o
        24          0          0          0          0         76   dfltul.o
       228          0          0          0          0         96   dmul.o
        38          0          0          0          0         68   f2d.o
       110          0          0          0          0        168   fepilogue.o

    ----------------------------------------------------------------------
      6770        198        128          8          0       4216   Library Totals
        18          0          3          0          0          0   (incl. Padding)

    ----------------------------------------------------------------------

      Code (inc. data)   RO Data    RW Data    ZI Data      Debug   Library Name

        28          0          0          0          0         80   m_ws.l
      5286        198        125          8          0       2856   mc_w.l
      1438          0          0          0          0       1280   mf_w.l

    ----------------------------------------------------------------------
      6770        198        128          8          0       4216   Library Totals

    ----------------------------------------------------------------------

==============================================================================


      Code (inc. data)   RO Data    RW Data    ZI Data      Debug   

     29516       1796       2552        924       3972     397303   Grand Totals
     29516       1796       2552        344       3972     397303   ELF Image Totals (compressed)
     29516       1796       2552        344          0          0   ROM Totals

==============================================================================

    Total RO  Size (Code + RO Data)                32068 (  31.32kB)
    Total RW  Size (RW Data + ZI Data)              4896 (   4.78kB)
    Total ROM Size (Code + RO Data + RW Data)      32412 (  31.65kB)

==============================================================================

